TimeQuest Timing Analyzer report for Practica5
Tue Apr 20 21:45:10 2021
Quartus II 64-Bit Version 13.0.1 Build 232 06/12/2013 Service Pack 1 SJ Web Edition


---------------------
; Table of Contents ;
---------------------
  1. Legal Notice
  2. TimeQuest Timing Analyzer Summary
  3. Parallel Compilation
  4. Clocks
  5. Slow Model Fmax Summary
  6. Slow Model Setup Summary
  7. Slow Model Hold Summary
  8. Slow Model Recovery Summary
  9. Slow Model Removal Summary
 10. Slow Model Minimum Pulse Width Summary
 11. Propagation Delay
 12. Minimum Propagation Delay
 13. Fast Model Setup Summary
 14. Fast Model Hold Summary
 15. Fast Model Recovery Summary
 16. Fast Model Removal Summary
 17. Fast Model Minimum Pulse Width Summary
 18. Propagation Delay
 19. Minimum Propagation Delay
 20. Multicorner Timing Analysis Summary
 21. Progagation Delay
 22. Minimum Progagation Delay
 23. Clock Transfers
 24. Report TCCS
 25. Report RSKM
 26. Unconstrained Paths
 27. TimeQuest Timing Analyzer Messages



----------------
; Legal Notice ;
----------------
Copyright (C) 1991-2013 Altera Corporation
Your use of Altera Corporation's design tools, logic functions 
and other software and tools, and its AMPP partner logic 
functions, and any output files from any of the foregoing 
(including device programming or simulation files), and any 
associated documentation or information are expressly subject 
to the terms and conditions of the Altera Program License 
Subscription Agreement, Altera MegaCore Function License 
Agreement, or other applicable license agreement, including, 
without limitation, that your use is for the sole purpose of 
programming logic devices manufactured by Altera and sold by 
Altera or its authorized distributors.  Please refer to the 
applicable agreement for further details.



+----------------------------------------------------------------------------------------+
; TimeQuest Timing Analyzer Summary                                                      ;
+--------------------+-------------------------------------------------------------------+
; Quartus II Version ; Version 13.0.1 Build 232 06/12/2013 Service Pack 1 SJ Web Edition ;
; Revision Name      ; Practica5                                                         ;
; Device Family      ; Cyclone II                                                        ;
; Device Name        ; EP2C20F484C7                                                      ;
; Timing Models      ; Final                                                             ;
; Delay Model        ; Combined                                                          ;
; Rise/Fall Delays   ; Unavailable                                                       ;
+--------------------+-------------------------------------------------------------------+


Parallel compilation was disabled, but you have multiple processors available. Enable parallel compilation to reduce compilation time.
+-------------------------------------+
; Parallel Compilation                ;
+----------------------------+--------+
; Processors                 ; Number ;
+----------------------------+--------+
; Number detected on machine ; 12     ;
; Maximum allowed            ; 1      ;
+----------------------------+--------+


----------
; Clocks ;
----------
No clocks to report.


---------------------------
; Slow Model Fmax Summary ;
---------------------------
No paths to report.


----------------------------
; Slow Model Setup Summary ;
----------------------------
No paths to report.


---------------------------
; Slow Model Hold Summary ;
---------------------------
No paths to report.


-------------------------------
; Slow Model Recovery Summary ;
-------------------------------
No paths to report.


------------------------------
; Slow Model Removal Summary ;
------------------------------
No paths to report.


------------------------------------------
; Slow Model Minimum Pulse Width Summary ;
------------------------------------------
No paths to report.


+----------------------------------------------------------------+
; Propagation Delay                                              ;
+--------------+-------------+--------+--------+--------+--------+
; Input Port   ; Output Port ; RR     ; RF     ; FR     ; FF     ;
+--------------+-------------+--------+--------+--------+--------+
; ir_out[7]    ; inm[0]      ; 10.966 ;        ;        ; 10.966 ;
; ir_out[7]    ; inm[11]     ; 11.450 ;        ;        ; 11.450 ;
; ir_out[8]    ; inm[1]      ; 9.258  ;        ;        ; 9.258  ;
; ir_out[9]    ; inm[2]      ; 10.508 ;        ;        ; 10.508 ;
; ir_out[10]   ; inm[3]      ; 9.733  ;        ;        ; 9.733  ;
; ir_out[11]   ; inm[4]      ; 10.319 ;        ;        ; 10.319 ;
; ir_out[12]   ; inm[12]     ; 10.611 ; 10.611 ; 10.611 ; 10.611 ;
; ir_out[13]   ; inm[13]     ; 11.086 ; 11.086 ; 11.086 ; 11.086 ;
; ir_out[14]   ; inm[14]     ; 10.052 ; 10.052 ; 10.052 ; 10.052 ;
; ir_out[15]   ; inm[15]     ; 10.307 ; 10.307 ; 10.307 ; 10.307 ;
; ir_out[16]   ; inm[16]     ; 10.815 ; 10.815 ; 10.815 ; 10.815 ;
; ir_out[17]   ; inm[17]     ; 10.712 ; 10.712 ; 10.712 ; 10.712 ;
; ir_out[18]   ; inm[18]     ; 10.798 ; 10.798 ; 10.798 ; 10.798 ;
; ir_out[19]   ; inm[19]     ; 11.224 ; 11.224 ; 11.224 ; 11.224 ;
; ir_out[20]   ; inm[0]      ; 10.713 ;        ;        ; 10.713 ;
; ir_out[20]   ; inm[11]     ; 11.195 ;        ;        ; 11.195 ;
; ir_out[20]   ; inm[20]     ; 10.303 ;        ;        ; 10.303 ;
; ir_out[21]   ; inm[1]      ; 10.484 ;        ;        ; 10.484 ;
; ir_out[21]   ; inm[21]     ; 11.373 ;        ;        ; 11.373 ;
; ir_out[22]   ; inm[2]      ; 10.727 ;        ;        ; 10.727 ;
; ir_out[22]   ; inm[22]     ; 10.341 ;        ;        ; 10.341 ;
; ir_out[23]   ; inm[3]      ; 10.189 ;        ;        ; 10.189 ;
; ir_out[23]   ; inm[23]     ; 10.546 ;        ;        ; 10.546 ;
; ir_out[24]   ; inm[4]      ; 10.527 ;        ;        ; 10.527 ;
; ir_out[24]   ; inm[24]     ; 10.527 ;        ;        ; 10.527 ;
; ir_out[25]   ; inm[5]      ; 9.597  ;        ;        ; 9.597  ;
; ir_out[25]   ; inm[25]     ; 10.281 ;        ;        ; 10.281 ;
; ir_out[26]   ; inm[6]      ; 10.287 ;        ;        ; 10.287 ;
; ir_out[26]   ; inm[26]     ; 10.648 ;        ;        ; 10.648 ;
; ir_out[27]   ; inm[7]      ; 9.556  ;        ;        ; 9.556  ;
; ir_out[27]   ; inm[27]     ; 10.503 ;        ;        ; 10.503 ;
; ir_out[28]   ; inm[8]      ; 9.953  ;        ;        ; 9.953  ;
; ir_out[28]   ; inm[28]     ; 10.737 ;        ;        ; 10.737 ;
; ir_out[29]   ; inm[9]      ; 9.871  ;        ;        ; 9.871  ;
; ir_out[29]   ; inm[29]     ; 10.546 ;        ;        ; 10.546 ;
; ir_out[30]   ; inm[10]     ; 10.245 ;        ;        ; 10.245 ;
; ir_out[30]   ; inm[30]     ; 10.607 ;        ;        ; 10.607 ;
; ir_out[31]   ; inm[11]     ; 10.989 ;        ;        ; 10.989 ;
; ir_out[31]   ; inm[12]     ; 14.337 ;        ;        ; 14.337 ;
; ir_out[31]   ; inm[13]     ; 14.361 ;        ;        ; 14.361 ;
; ir_out[31]   ; inm[14]     ; 14.341 ;        ;        ; 14.341 ;
; ir_out[31]   ; inm[15]     ; 14.633 ;        ;        ; 14.633 ;
; ir_out[31]   ; inm[16]     ; 14.670 ;        ;        ; 14.670 ;
; ir_out[31]   ; inm[17]     ; 14.675 ;        ;        ; 14.675 ;
; ir_out[31]   ; inm[18]     ; 14.628 ;        ;        ; 14.628 ;
; ir_out[31]   ; inm[19]     ; 14.944 ;        ;        ; 14.944 ;
; ir_out[31]   ; inm[20]     ; 11.213 ;        ;        ; 11.213 ;
; ir_out[31]   ; inm[21]     ; 10.879 ;        ;        ; 10.879 ;
; ir_out[31]   ; inm[22]     ; 10.871 ;        ;        ; 10.871 ;
; ir_out[31]   ; inm[23]     ; 10.532 ;        ;        ; 10.532 ;
; ir_out[31]   ; inm[24]     ; 10.868 ;        ;        ; 10.868 ;
; ir_out[31]   ; inm[25]     ; 11.191 ;        ;        ; 11.191 ;
; ir_out[31]   ; inm[26]     ; 10.868 ;        ;        ; 10.868 ;
; ir_out[31]   ; inm[27]     ; 10.499 ;        ;        ; 10.499 ;
; ir_out[31]   ; inm[28]     ; 11.225 ;        ;        ; 11.225 ;
; ir_out[31]   ; inm[29]     ; 11.179 ;        ;        ; 11.179 ;
; ir_out[31]   ; inm[30]     ; 10.865 ;        ;        ; 10.865 ;
; ir_out[31]   ; inm[31]     ; 10.625 ;        ;        ; 10.625 ;
; tipo_inst[0] ; inm[0]      ; 10.801 ; 10.801 ; 10.801 ; 10.801 ;
; tipo_inst[0] ; inm[1]      ; 11.548 ; 11.516 ; 11.516 ; 11.548 ;
; tipo_inst[0] ; inm[2]      ; 12.272 ; 12.238 ; 12.238 ; 12.272 ;
; tipo_inst[0] ; inm[3]      ; 11.189 ; 11.489 ; 11.489 ; 11.189 ;
; tipo_inst[0] ; inm[4]      ; 11.888 ; 11.853 ; 11.853 ; 11.888 ;
; tipo_inst[0] ; inm[5]      ;        ; 10.087 ; 10.087 ;        ;
; tipo_inst[0] ; inm[6]      ;        ; 10.819 ; 10.819 ;        ;
; tipo_inst[0] ; inm[7]      ;        ; 10.087 ; 10.087 ;        ;
; tipo_inst[0] ; inm[8]      ;        ; 10.420 ; 10.420 ;        ;
; tipo_inst[0] ; inm[9]      ;        ; 10.095 ; 10.095 ;        ;
; tipo_inst[0] ; inm[10]     ;        ; 10.787 ; 10.787 ;        ;
; tipo_inst[0] ; inm[11]     ;        ; 11.229 ; 11.229 ;        ;
; tipo_inst[0] ; inm[12]     ; 12.938 ; 13.964 ; 13.964 ; 12.938 ;
; tipo_inst[0] ; inm[13]     ; 12.959 ; 13.988 ; 13.988 ; 12.959 ;
; tipo_inst[0] ; inm[14]     ; 12.936 ; 13.968 ; 13.968 ; 12.936 ;
; tipo_inst[0] ; inm[15]     ; 13.234 ; 14.260 ; 14.260 ; 13.234 ;
; tipo_inst[0] ; inm[16]     ; 13.268 ; 14.297 ; 14.297 ; 13.268 ;
; tipo_inst[0] ; inm[17]     ; 13.276 ; 14.302 ; 14.302 ; 13.276 ;
; tipo_inst[0] ; inm[18]     ; 13.226 ; 14.255 ; 14.255 ; 13.226 ;
; tipo_inst[0] ; inm[19]     ; 13.541 ; 14.571 ; 14.571 ; 13.541 ;
; tipo_inst[0] ; inm[20]     ; 12.264 ; 12.264 ; 12.264 ; 12.264 ;
; tipo_inst[0] ; inm[21]     ; 12.313 ; 12.313 ; 12.313 ; 12.313 ;
; tipo_inst[0] ; inm[22]     ; 11.923 ; 11.923 ; 11.923 ; 11.923 ;
; tipo_inst[0] ; inm[23]     ; 11.960 ; 11.960 ; 11.960 ; 11.960 ;
; tipo_inst[0] ; inm[24]     ; 11.925 ; 11.925 ; 11.925 ; 11.925 ;
; tipo_inst[0] ; inm[25]     ; 12.242 ; 12.242 ; 12.242 ; 12.242 ;
; tipo_inst[0] ; inm[26]     ; 12.301 ; 12.301 ; 12.301 ; 12.301 ;
; tipo_inst[0] ; inm[27]     ; 11.927 ; 11.927 ; 11.927 ; 11.927 ;
; tipo_inst[0] ; inm[28]     ; 11.925 ; 11.925 ; 11.925 ; 11.925 ;
; tipo_inst[0] ; inm[29]     ; 12.240 ; 12.240 ; 12.240 ; 12.240 ;
; tipo_inst[0] ; inm[30]     ; 12.294 ; 12.294 ; 12.294 ; 12.294 ;
; tipo_inst[0] ; inm[31]     ;        ; 10.243 ; 10.243 ;        ;
; tipo_inst[1] ; inm[0]      ;        ; 11.800 ; 11.800 ;        ;
; tipo_inst[1] ; inm[1]      ;        ; 11.489 ; 11.489 ;        ;
; tipo_inst[1] ; inm[2]      ;        ; 12.213 ; 12.213 ;        ;
; tipo_inst[1] ; inm[3]      ;        ; 11.362 ; 11.362 ;        ;
; tipo_inst[1] ; inm[4]      ;        ; 11.829 ; 11.829 ;        ;
; tipo_inst[1] ; inm[5]      ;        ; 10.080 ; 10.080 ;        ;
; tipo_inst[1] ; inm[6]      ;        ; 10.639 ; 10.639 ;        ;
; tipo_inst[1] ; inm[7]      ;        ; 9.931  ; 9.931  ;        ;
; tipo_inst[1] ; inm[8]      ;        ; 10.400 ; 10.400 ;        ;
; tipo_inst[1] ; inm[9]      ;        ; 9.917  ; 9.917  ;        ;
; tipo_inst[1] ; inm[10]     ;        ; 10.610 ; 10.610 ;        ;
; tipo_inst[1] ; inm[11]     ; 10.648 ; 10.648 ; 10.648 ; 10.648 ;
; tipo_inst[1] ; inm[12]     ; 13.155 ; 14.188 ; 14.188 ; 13.155 ;
; tipo_inst[1] ; inm[13]     ; 13.176 ; 14.212 ; 14.212 ; 13.176 ;
; tipo_inst[1] ; inm[14]     ; 13.153 ; 14.192 ; 14.192 ; 13.153 ;
; tipo_inst[1] ; inm[15]     ; 13.451 ; 14.484 ; 14.484 ; 13.451 ;
; tipo_inst[1] ; inm[16]     ; 13.485 ; 14.521 ; 14.521 ; 13.485 ;
; tipo_inst[1] ; inm[17]     ; 13.493 ; 14.526 ; 14.526 ; 13.493 ;
; tipo_inst[1] ; inm[18]     ; 13.443 ; 14.479 ; 14.479 ; 13.443 ;
; tipo_inst[1] ; inm[19]     ; 13.758 ; 14.795 ; 14.795 ; 13.758 ;
; tipo_inst[1] ; inm[20]     ; 12.046 ; 12.046 ; 12.046 ; 12.046 ;
; tipo_inst[1] ; inm[21]     ; 12.095 ; 12.095 ; 12.095 ; 12.095 ;
; tipo_inst[1] ; inm[22]     ; 11.705 ; 11.705 ; 11.705 ; 11.705 ;
; tipo_inst[1] ; inm[23]     ; 11.742 ; 11.742 ; 11.742 ; 11.742 ;
; tipo_inst[1] ; inm[24]     ; 11.707 ; 11.707 ; 11.707 ; 11.707 ;
; tipo_inst[1] ; inm[25]     ; 12.024 ; 12.024 ; 12.024 ; 12.024 ;
; tipo_inst[1] ; inm[26]     ; 12.083 ; 12.083 ; 12.083 ; 12.083 ;
; tipo_inst[1] ; inm[27]     ; 11.709 ; 11.709 ; 11.709 ; 11.709 ;
; tipo_inst[1] ; inm[28]     ; 11.707 ; 11.707 ; 11.707 ; 11.707 ;
; tipo_inst[1] ; inm[29]     ; 12.022 ; 12.022 ; 12.022 ; 12.022 ;
; tipo_inst[1] ; inm[30]     ; 12.076 ; 12.076 ; 12.076 ; 12.076 ;
; tipo_inst[1] ; inm[31]     ;        ; 10.482 ; 10.482 ;        ;
; tipo_inst[2] ; inm[0]      ;        ; 11.665 ; 11.665 ;        ;
; tipo_inst[2] ; inm[1]      ;        ; 11.354 ; 11.354 ;        ;
; tipo_inst[2] ; inm[2]      ;        ; 12.078 ; 12.078 ;        ;
; tipo_inst[2] ; inm[3]      ;        ; 10.995 ; 10.995 ;        ;
; tipo_inst[2] ; inm[4]      ;        ; 11.694 ; 11.694 ;        ;
; tipo_inst[2] ; inm[5]      ;        ; 9.924  ; 9.924  ;        ;
; tipo_inst[2] ; inm[6]      ;        ; 10.790 ; 10.790 ;        ;
; tipo_inst[2] ; inm[7]      ;        ; 10.079 ; 10.079 ;        ;
; tipo_inst[2] ; inm[8]      ;        ; 10.246 ; 10.246 ;        ;
; tipo_inst[2] ; inm[9]      ;        ; 10.068 ; 10.068 ;        ;
; tipo_inst[2] ; inm[10]     ;        ; 10.761 ; 10.761 ;        ;
; tipo_inst[2] ; inm[11]     ; 11.303 ; 11.303 ; 11.303 ; 11.303 ;
; tipo_inst[2] ; inm[12]     ; 12.919 ; 13.948 ; 13.948 ; 12.919 ;
; tipo_inst[2] ; inm[13]     ; 12.940 ; 13.972 ; 13.972 ; 12.940 ;
; tipo_inst[2] ; inm[14]     ; 12.917 ; 13.952 ; 13.952 ; 12.917 ;
; tipo_inst[2] ; inm[15]     ; 13.215 ; 14.244 ; 14.244 ; 13.215 ;
; tipo_inst[2] ; inm[16]     ; 13.249 ; 14.281 ; 14.281 ; 13.249 ;
; tipo_inst[2] ; inm[17]     ; 13.257 ; 14.286 ; 14.286 ; 13.257 ;
; tipo_inst[2] ; inm[18]     ; 13.207 ; 14.239 ; 14.239 ; 13.207 ;
; tipo_inst[2] ; inm[19]     ; 13.522 ; 14.555 ; 14.555 ; 13.522 ;
; tipo_inst[2] ; inm[20]     ;        ; 11.090 ; 11.090 ;        ;
; tipo_inst[2] ; inm[21]     ;        ; 11.097 ; 11.097 ;        ;
; tipo_inst[2] ; inm[22]     ;        ; 10.749 ; 10.749 ;        ;
; tipo_inst[2] ; inm[23]     ;        ; 10.752 ; 10.752 ;        ;
; tipo_inst[2] ; inm[24]     ;        ; 10.743 ; 10.743 ;        ;
; tipo_inst[2] ; inm[25]     ;        ; 11.068 ; 11.068 ;        ;
; tipo_inst[2] ; inm[26]     ;        ; 11.089 ; 11.089 ;        ;
; tipo_inst[2] ; inm[27]     ;        ; 10.719 ; 10.719 ;        ;
; tipo_inst[2] ; inm[28]     ;        ; 11.253 ; 11.253 ;        ;
; tipo_inst[2] ; inm[29]     ;        ; 11.055 ; 11.055 ;        ;
; tipo_inst[2] ; inm[30]     ;        ; 11.085 ; 11.085 ;        ;
; tipo_inst[2] ; inm[31]     ;        ; 10.235 ; 10.235 ;        ;
+--------------+-------------+--------+--------+--------+--------+


+----------------------------------------------------------------+
; Minimum Propagation Delay                                      ;
+--------------+-------------+--------+--------+--------+--------+
; Input Port   ; Output Port ; RR     ; RF     ; FR     ; FF     ;
+--------------+-------------+--------+--------+--------+--------+
; ir_out[7]    ; inm[0]      ; 10.966 ;        ;        ; 10.966 ;
; ir_out[7]    ; inm[11]     ; 11.450 ;        ;        ; 11.450 ;
; ir_out[8]    ; inm[1]      ; 9.258  ;        ;        ; 9.258  ;
; ir_out[9]    ; inm[2]      ; 10.508 ;        ;        ; 10.508 ;
; ir_out[10]   ; inm[3]      ; 9.733  ;        ;        ; 9.733  ;
; ir_out[11]   ; inm[4]      ; 10.319 ;        ;        ; 10.319 ;
; ir_out[12]   ; inm[12]     ; 10.611 ; 10.611 ; 10.611 ; 10.611 ;
; ir_out[13]   ; inm[13]     ; 11.086 ; 11.086 ; 11.086 ; 11.086 ;
; ir_out[14]   ; inm[14]     ; 10.052 ; 10.052 ; 10.052 ; 10.052 ;
; ir_out[15]   ; inm[15]     ; 10.307 ; 10.307 ; 10.307 ; 10.307 ;
; ir_out[16]   ; inm[16]     ; 10.815 ; 10.815 ; 10.815 ; 10.815 ;
; ir_out[17]   ; inm[17]     ; 10.712 ; 10.712 ; 10.712 ; 10.712 ;
; ir_out[18]   ; inm[18]     ; 10.798 ; 10.798 ; 10.798 ; 10.798 ;
; ir_out[19]   ; inm[19]     ; 11.224 ; 11.224 ; 11.224 ; 11.224 ;
; ir_out[20]   ; inm[0]      ; 10.713 ;        ;        ; 10.713 ;
; ir_out[20]   ; inm[11]     ; 11.195 ;        ;        ; 11.195 ;
; ir_out[20]   ; inm[20]     ; 10.303 ;        ;        ; 10.303 ;
; ir_out[21]   ; inm[1]      ; 10.484 ;        ;        ; 10.484 ;
; ir_out[21]   ; inm[21]     ; 11.373 ;        ;        ; 11.373 ;
; ir_out[22]   ; inm[2]      ; 10.727 ;        ;        ; 10.727 ;
; ir_out[22]   ; inm[22]     ; 10.341 ;        ;        ; 10.341 ;
; ir_out[23]   ; inm[3]      ; 10.189 ;        ;        ; 10.189 ;
; ir_out[23]   ; inm[23]     ; 10.546 ;        ;        ; 10.546 ;
; ir_out[24]   ; inm[4]      ; 10.527 ;        ;        ; 10.527 ;
; ir_out[24]   ; inm[24]     ; 10.527 ;        ;        ; 10.527 ;
; ir_out[25]   ; inm[5]      ; 9.597  ;        ;        ; 9.597  ;
; ir_out[25]   ; inm[25]     ; 10.281 ;        ;        ; 10.281 ;
; ir_out[26]   ; inm[6]      ; 10.287 ;        ;        ; 10.287 ;
; ir_out[26]   ; inm[26]     ; 10.648 ;        ;        ; 10.648 ;
; ir_out[27]   ; inm[7]      ; 9.556  ;        ;        ; 9.556  ;
; ir_out[27]   ; inm[27]     ; 10.503 ;        ;        ; 10.503 ;
; ir_out[28]   ; inm[8]      ; 9.953  ;        ;        ; 9.953  ;
; ir_out[28]   ; inm[28]     ; 10.737 ;        ;        ; 10.737 ;
; ir_out[29]   ; inm[9]      ; 9.871  ;        ;        ; 9.871  ;
; ir_out[29]   ; inm[29]     ; 10.546 ;        ;        ; 10.546 ;
; ir_out[30]   ; inm[10]     ; 10.245 ;        ;        ; 10.245 ;
; ir_out[30]   ; inm[30]     ; 10.607 ;        ;        ; 10.607 ;
; ir_out[31]   ; inm[11]     ; 10.989 ;        ;        ; 10.989 ;
; ir_out[31]   ; inm[12]     ; 13.306 ;        ;        ; 13.306 ;
; ir_out[31]   ; inm[13]     ; 13.327 ;        ;        ; 13.327 ;
; ir_out[31]   ; inm[14]     ; 13.304 ;        ;        ; 13.304 ;
; ir_out[31]   ; inm[15]     ; 13.602 ;        ;        ; 13.602 ;
; ir_out[31]   ; inm[16]     ; 13.636 ;        ;        ; 13.636 ;
; ir_out[31]   ; inm[17]     ; 13.644 ;        ;        ; 13.644 ;
; ir_out[31]   ; inm[18]     ; 13.594 ;        ;        ; 13.594 ;
; ir_out[31]   ; inm[19]     ; 13.909 ;        ;        ; 13.909 ;
; ir_out[31]   ; inm[20]     ; 11.213 ;        ;        ; 11.213 ;
; ir_out[31]   ; inm[21]     ; 10.879 ;        ;        ; 10.879 ;
; ir_out[31]   ; inm[22]     ; 10.871 ;        ;        ; 10.871 ;
; ir_out[31]   ; inm[23]     ; 10.532 ;        ;        ; 10.532 ;
; ir_out[31]   ; inm[24]     ; 10.868 ;        ;        ; 10.868 ;
; ir_out[31]   ; inm[25]     ; 11.191 ;        ;        ; 11.191 ;
; ir_out[31]   ; inm[26]     ; 10.868 ;        ;        ; 10.868 ;
; ir_out[31]   ; inm[27]     ; 10.499 ;        ;        ; 10.499 ;
; ir_out[31]   ; inm[28]     ; 11.225 ;        ;        ; 11.225 ;
; ir_out[31]   ; inm[29]     ; 11.179 ;        ;        ; 11.179 ;
; ir_out[31]   ; inm[30]     ; 10.865 ;        ;        ; 10.865 ;
; ir_out[31]   ; inm[31]     ; 10.625 ;        ;        ; 10.625 ;
; tipo_inst[0] ; inm[0]      ; 10.801 ; 10.801 ; 10.801 ; 10.801 ;
; tipo_inst[0] ; inm[1]      ; 11.548 ; 11.516 ; 11.516 ; 11.548 ;
; tipo_inst[0] ; inm[2]      ; 12.272 ; 12.238 ; 12.238 ; 12.272 ;
; tipo_inst[0] ; inm[3]      ; 11.189 ; 11.489 ; 11.489 ; 11.189 ;
; tipo_inst[0] ; inm[4]      ; 11.888 ; 11.853 ; 11.853 ; 11.888 ;
; tipo_inst[0] ; inm[5]      ;        ; 10.087 ; 10.087 ;        ;
; tipo_inst[0] ; inm[6]      ;        ; 10.819 ; 10.819 ;        ;
; tipo_inst[0] ; inm[7]      ;        ; 10.087 ; 10.087 ;        ;
; tipo_inst[0] ; inm[8]      ;        ; 10.420 ; 10.420 ;        ;
; tipo_inst[0] ; inm[9]      ;        ; 10.095 ; 10.095 ;        ;
; tipo_inst[0] ; inm[10]     ;        ; 10.787 ; 10.787 ;        ;
; tipo_inst[0] ; inm[11]     ;        ; 11.229 ; 11.229 ;        ;
; tipo_inst[0] ; inm[12]     ; 12.938 ; 12.938 ; 12.938 ; 12.938 ;
; tipo_inst[0] ; inm[13]     ; 12.959 ; 12.959 ; 12.959 ; 12.959 ;
; tipo_inst[0] ; inm[14]     ; 12.936 ; 12.936 ; 12.936 ; 12.936 ;
; tipo_inst[0] ; inm[15]     ; 13.234 ; 13.234 ; 13.234 ; 13.234 ;
; tipo_inst[0] ; inm[16]     ; 13.268 ; 13.268 ; 13.268 ; 13.268 ;
; tipo_inst[0] ; inm[17]     ; 13.276 ; 13.276 ; 13.276 ; 13.276 ;
; tipo_inst[0] ; inm[18]     ; 13.226 ; 13.226 ; 13.226 ; 13.226 ;
; tipo_inst[0] ; inm[19]     ; 13.541 ; 13.541 ; 13.541 ; 13.541 ;
; tipo_inst[0] ; inm[20]     ; 12.264 ; 11.377 ; 11.377 ; 12.264 ;
; tipo_inst[0] ; inm[21]     ; 12.313 ; 11.384 ; 11.384 ; 12.313 ;
; tipo_inst[0] ; inm[22]     ; 11.923 ; 11.036 ; 11.036 ; 11.923 ;
; tipo_inst[0] ; inm[23]     ; 11.960 ; 11.039 ; 11.039 ; 11.960 ;
; tipo_inst[0] ; inm[24]     ; 11.925 ; 11.030 ; 11.030 ; 11.925 ;
; tipo_inst[0] ; inm[25]     ; 12.242 ; 11.355 ; 11.355 ; 12.242 ;
; tipo_inst[0] ; inm[26]     ; 12.301 ; 11.376 ; 11.376 ; 12.301 ;
; tipo_inst[0] ; inm[27]     ; 11.927 ; 11.006 ; 11.006 ; 11.927 ;
; tipo_inst[0] ; inm[28]     ; 11.925 ; 11.540 ; 11.540 ; 11.925 ;
; tipo_inst[0] ; inm[29]     ; 12.240 ; 11.342 ; 11.342 ; 12.240 ;
; tipo_inst[0] ; inm[30]     ; 12.294 ; 11.372 ; 11.372 ; 12.294 ;
; tipo_inst[0] ; inm[31]     ;        ; 10.243 ; 10.243 ;        ;
; tipo_inst[1] ; inm[0]      ;        ; 11.800 ; 11.800 ;        ;
; tipo_inst[1] ; inm[1]      ;        ; 11.389 ; 11.389 ;        ;
; tipo_inst[1] ; inm[2]      ;        ; 12.111 ; 12.111 ;        ;
; tipo_inst[1] ; inm[3]      ;        ; 11.130 ; 11.130 ;        ;
; tipo_inst[1] ; inm[4]      ;        ; 11.726 ; 11.726 ;        ;
; tipo_inst[1] ; inm[5]      ;        ; 10.080 ; 10.080 ;        ;
; tipo_inst[1] ; inm[6]      ;        ; 10.639 ; 10.639 ;        ;
; tipo_inst[1] ; inm[7]      ;        ; 9.931  ; 9.931  ;        ;
; tipo_inst[1] ; inm[8]      ;        ; 10.400 ; 10.400 ;        ;
; tipo_inst[1] ; inm[9]      ;        ; 9.917  ; 9.917  ;        ;
; tipo_inst[1] ; inm[10]     ;        ; 10.610 ; 10.610 ;        ;
; tipo_inst[1] ; inm[11]     ; 10.648 ; 10.648 ; 10.648 ; 10.648 ;
; tipo_inst[1] ; inm[12]     ; 13.155 ; 13.155 ; 13.155 ; 13.155 ;
; tipo_inst[1] ; inm[13]     ; 13.176 ; 13.176 ; 13.176 ; 13.176 ;
; tipo_inst[1] ; inm[14]     ; 13.153 ; 13.153 ; 13.153 ; 13.153 ;
; tipo_inst[1] ; inm[15]     ; 13.451 ; 13.451 ; 13.451 ; 13.451 ;
; tipo_inst[1] ; inm[16]     ; 13.485 ; 13.485 ; 13.485 ; 13.485 ;
; tipo_inst[1] ; inm[17]     ; 13.493 ; 13.493 ; 13.493 ; 13.493 ;
; tipo_inst[1] ; inm[18]     ; 13.443 ; 13.443 ; 13.443 ; 13.443 ;
; tipo_inst[1] ; inm[19]     ; 13.758 ; 13.758 ; 13.758 ; 13.758 ;
; tipo_inst[1] ; inm[20]     ; 12.046 ; 11.310 ; 11.310 ; 12.046 ;
; tipo_inst[1] ; inm[21]     ; 12.095 ; 11.317 ; 11.317 ; 12.095 ;
; tipo_inst[1] ; inm[22]     ; 11.705 ; 10.969 ; 10.969 ; 11.705 ;
; tipo_inst[1] ; inm[23]     ; 11.742 ; 10.972 ; 10.972 ; 11.742 ;
; tipo_inst[1] ; inm[24]     ; 11.707 ; 10.963 ; 10.963 ; 11.707 ;
; tipo_inst[1] ; inm[25]     ; 12.024 ; 11.288 ; 11.288 ; 12.024 ;
; tipo_inst[1] ; inm[26]     ; 12.083 ; 11.309 ; 11.309 ; 12.083 ;
; tipo_inst[1] ; inm[27]     ; 11.709 ; 10.939 ; 10.939 ; 11.709 ;
; tipo_inst[1] ; inm[28]     ; 11.707 ; 11.473 ; 11.473 ; 11.707 ;
; tipo_inst[1] ; inm[29]     ; 12.022 ; 11.275 ; 11.275 ; 12.022 ;
; tipo_inst[1] ; inm[30]     ; 12.076 ; 11.305 ; 11.305 ; 12.076 ;
; tipo_inst[1] ; inm[31]     ;        ; 10.482 ; 10.482 ;        ;
; tipo_inst[2] ; inm[0]      ;        ; 11.665 ; 11.665 ;        ;
; tipo_inst[2] ; inm[1]      ;        ; 11.354 ; 11.354 ;        ;
; tipo_inst[2] ; inm[2]      ;        ; 12.078 ; 12.078 ;        ;
; tipo_inst[2] ; inm[3]      ;        ; 10.995 ; 10.995 ;        ;
; tipo_inst[2] ; inm[4]      ;        ; 11.694 ; 11.694 ;        ;
; tipo_inst[2] ; inm[5]      ;        ; 9.924  ; 9.924  ;        ;
; tipo_inst[2] ; inm[6]      ;        ; 10.790 ; 10.790 ;        ;
; tipo_inst[2] ; inm[7]      ;        ; 10.079 ; 10.079 ;        ;
; tipo_inst[2] ; inm[8]      ;        ; 10.246 ; 10.246 ;        ;
; tipo_inst[2] ; inm[9]      ;        ; 10.068 ; 10.068 ;        ;
; tipo_inst[2] ; inm[10]     ;        ; 10.761 ; 10.761 ;        ;
; tipo_inst[2] ; inm[11]     ; 10.806 ; 10.806 ; 10.806 ; 10.806 ;
; tipo_inst[2] ; inm[12]     ; 12.919 ; 12.919 ; 12.919 ; 12.919 ;
; tipo_inst[2] ; inm[13]     ; 12.940 ; 12.940 ; 12.940 ; 12.940 ;
; tipo_inst[2] ; inm[14]     ; 12.917 ; 12.917 ; 12.917 ; 12.917 ;
; tipo_inst[2] ; inm[15]     ; 13.215 ; 13.215 ; 13.215 ; 13.215 ;
; tipo_inst[2] ; inm[16]     ; 13.249 ; 13.249 ; 13.249 ; 13.249 ;
; tipo_inst[2] ; inm[17]     ; 13.257 ; 13.257 ; 13.257 ; 13.257 ;
; tipo_inst[2] ; inm[18]     ; 13.207 ; 13.207 ; 13.207 ; 13.207 ;
; tipo_inst[2] ; inm[19]     ; 13.522 ; 13.522 ; 13.522 ; 13.522 ;
; tipo_inst[2] ; inm[20]     ;        ; 11.090 ; 11.090 ;        ;
; tipo_inst[2] ; inm[21]     ;        ; 11.097 ; 11.097 ;        ;
; tipo_inst[2] ; inm[22]     ;        ; 10.749 ; 10.749 ;        ;
; tipo_inst[2] ; inm[23]     ;        ; 10.752 ; 10.752 ;        ;
; tipo_inst[2] ; inm[24]     ;        ; 10.743 ; 10.743 ;        ;
; tipo_inst[2] ; inm[25]     ;        ; 11.068 ; 11.068 ;        ;
; tipo_inst[2] ; inm[26]     ;        ; 11.089 ; 11.089 ;        ;
; tipo_inst[2] ; inm[27]     ;        ; 10.719 ; 10.719 ;        ;
; tipo_inst[2] ; inm[28]     ;        ; 11.253 ; 11.253 ;        ;
; tipo_inst[2] ; inm[29]     ;        ; 11.055 ; 11.055 ;        ;
; tipo_inst[2] ; inm[30]     ;        ; 11.085 ; 11.085 ;        ;
; tipo_inst[2] ; inm[31]     ;        ; 10.235 ; 10.235 ;        ;
+--------------+-------------+--------+--------+--------+--------+


----------------------------
; Fast Model Setup Summary ;
----------------------------
No paths to report.


---------------------------
; Fast Model Hold Summary ;
---------------------------
No paths to report.


-------------------------------
; Fast Model Recovery Summary ;
-------------------------------
No paths to report.


------------------------------
; Fast Model Removal Summary ;
------------------------------
No paths to report.


------------------------------------------
; Fast Model Minimum Pulse Width Summary ;
------------------------------------------
No paths to report.


+------------------------------------------------------------+
; Propagation Delay                                          ;
+--------------+-------------+-------+-------+-------+-------+
; Input Port   ; Output Port ; RR    ; RF    ; FR    ; FF    ;
+--------------+-------------+-------+-------+-------+-------+
; ir_out[7]    ; inm[0]      ; 5.547 ;       ;       ; 5.547 ;
; ir_out[7]    ; inm[11]     ; 5.733 ;       ;       ; 5.733 ;
; ir_out[8]    ; inm[1]      ; 4.852 ;       ;       ; 4.852 ;
; ir_out[9]    ; inm[2]      ; 5.374 ;       ;       ; 5.374 ;
; ir_out[10]   ; inm[3]      ; 5.025 ;       ;       ; 5.025 ;
; ir_out[11]   ; inm[4]      ; 5.250 ;       ;       ; 5.250 ;
; ir_out[12]   ; inm[12]     ; 5.362 ; 5.362 ; 5.362 ; 5.362 ;
; ir_out[13]   ; inm[13]     ; 5.596 ; 5.596 ; 5.596 ; 5.596 ;
; ir_out[14]   ; inm[14]     ; 5.154 ; 5.154 ; 5.154 ; 5.154 ;
; ir_out[15]   ; inm[15]     ; 5.272 ; 5.272 ; 5.272 ; 5.272 ;
; ir_out[16]   ; inm[16]     ; 5.463 ; 5.463 ; 5.463 ; 5.463 ;
; ir_out[17]   ; inm[17]     ; 5.456 ; 5.456 ; 5.456 ; 5.456 ;
; ir_out[18]   ; inm[18]     ; 5.468 ; 5.468 ; 5.468 ; 5.468 ;
; ir_out[19]   ; inm[19]     ; 5.619 ; 5.619 ; 5.619 ; 5.619 ;
; ir_out[20]   ; inm[0]      ; 5.417 ;       ;       ; 5.417 ;
; ir_out[20]   ; inm[11]     ; 5.601 ;       ;       ; 5.601 ;
; ir_out[20]   ; inm[20]     ; 5.280 ;       ;       ; 5.280 ;
; ir_out[21]   ; inm[1]      ; 5.348 ;       ;       ; 5.348 ;
; ir_out[21]   ; inm[21]     ; 5.698 ;       ;       ; 5.698 ;
; ir_out[22]   ; inm[2]      ; 5.481 ;       ;       ; 5.481 ;
; ir_out[22]   ; inm[22]     ; 5.304 ;       ;       ; 5.304 ;
; ir_out[23]   ; inm[3]      ; 5.173 ;       ;       ; 5.173 ;
; ir_out[23]   ; inm[23]     ; 5.320 ;       ;       ; 5.320 ;
; ir_out[24]   ; inm[4]      ; 5.353 ;       ;       ; 5.353 ;
; ir_out[24]   ; inm[24]     ; 5.339 ;       ;       ; 5.339 ;
; ir_out[25]   ; inm[5]      ; 4.990 ;       ;       ; 4.990 ;
; ir_out[25]   ; inm[25]     ; 5.263 ;       ;       ; 5.263 ;
; ir_out[26]   ; inm[6]      ; 5.274 ;       ;       ; 5.274 ;
; ir_out[26]   ; inm[26]     ; 5.395 ;       ;       ; 5.395 ;
; ir_out[27]   ; inm[7]      ; 4.951 ;       ;       ; 4.951 ;
; ir_out[27]   ; inm[27]     ; 5.304 ;       ;       ; 5.304 ;
; ir_out[28]   ; inm[8]      ; 5.138 ;       ;       ; 5.138 ;
; ir_out[28]   ; inm[28]     ; 5.453 ;       ;       ; 5.453 ;
; ir_out[29]   ; inm[9]      ; 5.080 ;       ;       ; 5.080 ;
; ir_out[29]   ; inm[29]     ; 5.356 ;       ;       ; 5.356 ;
; ir_out[30]   ; inm[10]     ; 5.231 ;       ;       ; 5.231 ;
; ir_out[30]   ; inm[30]     ; 5.367 ;       ;       ; 5.367 ;
; ir_out[31]   ; inm[11]     ; 5.521 ;       ;       ; 5.521 ;
; ir_out[31]   ; inm[12]     ; 6.890 ;       ;       ; 6.890 ;
; ir_out[31]   ; inm[13]     ; 6.909 ;       ;       ; 6.909 ;
; ir_out[31]   ; inm[14]     ; 6.895 ;       ;       ; 6.895 ;
; ir_out[31]   ; inm[15]     ; 7.015 ;       ;       ; 7.015 ;
; ir_out[31]   ; inm[16]     ; 7.038 ;       ;       ; 7.038 ;
; ir_out[31]   ; inm[17]     ; 7.046 ;       ;       ; 7.046 ;
; ir_out[31]   ; inm[18]     ; 7.006 ;       ;       ; 7.006 ;
; ir_out[31]   ; inm[19]     ; 7.142 ;       ;       ; 7.142 ;
; ir_out[31]   ; inm[20]     ; 5.604 ;       ;       ; 5.604 ;
; ir_out[31]   ; inm[21]     ; 5.491 ;       ;       ; 5.491 ;
; ir_out[31]   ; inm[22]     ; 5.457 ;       ;       ; 5.457 ;
; ir_out[31]   ; inm[23]     ; 5.341 ;       ;       ; 5.341 ;
; ir_out[31]   ; inm[24]     ; 5.453 ;       ;       ; 5.453 ;
; ir_out[31]   ; inm[25]     ; 5.583 ;       ;       ; 5.583 ;
; ir_out[31]   ; inm[26]     ; 5.480 ;       ;       ; 5.480 ;
; ir_out[31]   ; inm[27]     ; 5.319 ;       ;       ; 5.319 ;
; ir_out[31]   ; inm[28]     ; 5.610 ;       ;       ; 5.610 ;
; ir_out[31]   ; inm[29]     ; 5.573 ;       ;       ; 5.573 ;
; ir_out[31]   ; inm[30]     ; 5.478 ;       ;       ; 5.478 ;
; ir_out[31]   ; inm[31]     ; 5.360 ;       ;       ; 5.360 ;
; tipo_inst[0] ; inm[0]      ; 5.494 ; 5.494 ; 5.494 ; 5.494 ;
; tipo_inst[0] ; inm[1]      ; 5.736 ; 5.750 ; 5.750 ; 5.736 ;
; tipo_inst[0] ; inm[2]      ; 6.038 ; 6.052 ; 6.052 ; 6.038 ;
; tipo_inst[0] ; inm[3]      ; 5.602 ; 5.724 ; 5.724 ; 5.602 ;
; tipo_inst[0] ; inm[4]      ; 5.880 ; 5.891 ; 5.891 ; 5.880 ;
; tipo_inst[0] ; inm[5]      ;       ; 5.204 ; 5.204 ;       ;
; tipo_inst[0] ; inm[6]      ;       ; 5.524 ; 5.524 ;       ;
; tipo_inst[0] ; inm[7]      ;       ; 5.205 ; 5.205 ;       ;
; tipo_inst[0] ; inm[8]      ;       ; 5.337 ; 5.337 ;       ;
; tipo_inst[0] ; inm[9]      ;       ; 5.211 ; 5.211 ;       ;
; tipo_inst[0] ; inm[10]     ;       ; 5.494 ; 5.494 ;       ;
; tipo_inst[0] ; inm[11]     ;       ; 5.678 ; 5.678 ;       ;
; tipo_inst[0] ; inm[12]     ; 6.424 ; 6.807 ; 6.807 ; 6.424 ;
; tipo_inst[0] ; inm[13]     ; 6.442 ; 6.826 ; 6.826 ; 6.442 ;
; tipo_inst[0] ; inm[14]     ; 6.424 ; 6.812 ; 6.812 ; 6.424 ;
; tipo_inst[0] ; inm[15]     ; 6.548 ; 6.932 ; 6.932 ; 6.548 ;
; tipo_inst[0] ; inm[16]     ; 6.572 ; 6.955 ; 6.955 ; 6.572 ;
; tipo_inst[0] ; inm[17]     ; 6.579 ; 6.963 ; 6.963 ; 6.579 ;
; tipo_inst[0] ; inm[18]     ; 6.539 ; 6.923 ; 6.923 ; 6.539 ;
; tipo_inst[0] ; inm[19]     ; 6.672 ; 7.059 ; 7.059 ; 6.672 ;
; tipo_inst[0] ; inm[20]     ; 6.059 ; 6.059 ; 6.059 ; 6.059 ;
; tipo_inst[0] ; inm[21]     ; 6.071 ; 6.071 ; 6.071 ; 6.071 ;
; tipo_inst[0] ; inm[22]     ; 5.911 ; 5.911 ; 5.911 ; 5.911 ;
; tipo_inst[0] ; inm[23]     ; 5.916 ; 5.916 ; 5.916 ; 5.916 ;
; tipo_inst[0] ; inm[24]     ; 5.914 ; 5.914 ; 5.914 ; 5.914 ;
; tipo_inst[0] ; inm[25]     ; 6.036 ; 6.036 ; 6.036 ; 6.036 ;
; tipo_inst[0] ; inm[26]     ; 6.058 ; 6.058 ; 6.058 ; 6.058 ;
; tipo_inst[0] ; inm[27]     ; 5.894 ; 5.894 ; 5.894 ; 5.894 ;
; tipo_inst[0] ; inm[28]     ; 5.939 ; 5.939 ; 5.939 ; 5.939 ;
; tipo_inst[0] ; inm[29]     ; 6.036 ; 6.036 ; 6.036 ; 6.036 ;
; tipo_inst[0] ; inm[30]     ; 6.054 ; 6.054 ; 6.054 ; 6.054 ;
; tipo_inst[0] ; inm[31]     ;       ; 5.269 ; 5.269 ;       ;
; tipo_inst[1] ; inm[0]      ;       ; 5.864 ; 5.864 ;       ;
; tipo_inst[1] ; inm[1]      ;       ; 5.736 ; 5.736 ;       ;
; tipo_inst[1] ; inm[2]      ;       ; 6.038 ; 6.038 ;       ;
; tipo_inst[1] ; inm[3]      ;       ; 5.642 ; 5.642 ;       ;
; tipo_inst[1] ; inm[4]      ;       ; 5.880 ; 5.880 ;       ;
; tipo_inst[1] ; inm[5]      ;       ; 5.208 ; 5.208 ;       ;
; tipo_inst[1] ; inm[6]      ;       ; 5.442 ; 5.442 ;       ;
; tipo_inst[1] ; inm[7]      ;       ; 5.140 ; 5.140 ;       ;
; tipo_inst[1] ; inm[8]      ;       ; 5.328 ; 5.328 ;       ;
; tipo_inst[1] ; inm[9]      ;       ; 5.129 ; 5.129 ;       ;
; tipo_inst[1] ; inm[10]     ;       ; 5.412 ; 5.412 ;       ;
; tipo_inst[1] ; inm[11]     ; 5.448 ; 5.448 ; 5.448 ; 5.448 ;
; tipo_inst[1] ; inm[12]     ; 6.491 ; 6.881 ; 6.881 ; 6.491 ;
; tipo_inst[1] ; inm[13]     ; 6.509 ; 6.900 ; 6.900 ; 6.509 ;
; tipo_inst[1] ; inm[14]     ; 6.491 ; 6.886 ; 6.886 ; 6.491 ;
; tipo_inst[1] ; inm[15]     ; 6.615 ; 7.006 ; 7.006 ; 6.615 ;
; tipo_inst[1] ; inm[16]     ; 6.639 ; 7.029 ; 7.029 ; 6.639 ;
; tipo_inst[1] ; inm[17]     ; 6.646 ; 7.037 ; 7.037 ; 6.646 ;
; tipo_inst[1] ; inm[18]     ; 6.606 ; 6.997 ; 6.997 ; 6.606 ;
; tipo_inst[1] ; inm[19]     ; 6.739 ; 7.133 ; 7.133 ; 6.739 ;
; tipo_inst[1] ; inm[20]     ; 5.996 ; 5.996 ; 5.996 ; 5.996 ;
; tipo_inst[1] ; inm[21]     ; 6.008 ; 6.008 ; 6.008 ; 6.008 ;
; tipo_inst[1] ; inm[22]     ; 5.848 ; 5.848 ; 5.848 ; 5.848 ;
; tipo_inst[1] ; inm[23]     ; 5.853 ; 5.853 ; 5.853 ; 5.853 ;
; tipo_inst[1] ; inm[24]     ; 5.851 ; 5.851 ; 5.851 ; 5.851 ;
; tipo_inst[1] ; inm[25]     ; 5.973 ; 5.973 ; 5.973 ; 5.973 ;
; tipo_inst[1] ; inm[26]     ; 5.995 ; 5.995 ; 5.995 ; 5.995 ;
; tipo_inst[1] ; inm[27]     ; 5.831 ; 5.831 ; 5.831 ; 5.831 ;
; tipo_inst[1] ; inm[28]     ; 5.876 ; 5.876 ; 5.876 ; 5.876 ;
; tipo_inst[1] ; inm[29]     ; 5.973 ; 5.973 ; 5.973 ; 5.973 ;
; tipo_inst[1] ; inm[30]     ; 5.991 ; 5.991 ; 5.991 ; 5.991 ;
; tipo_inst[1] ; inm[31]     ;       ; 5.356 ; 5.356 ;       ;
; tipo_inst[2] ; inm[0]      ;       ; 5.794 ; 5.794 ;       ;
; tipo_inst[2] ; inm[1]      ;       ; 5.663 ; 5.663 ;       ;
; tipo_inst[2] ; inm[2]      ;       ; 5.965 ; 5.965 ;       ;
; tipo_inst[2] ; inm[3]      ;       ; 5.529 ; 5.529 ;       ;
; tipo_inst[2] ; inm[4]      ;       ; 5.807 ; 5.807 ;       ;
; tipo_inst[2] ; inm[5]      ;       ; 5.138 ; 5.138 ;       ;
; tipo_inst[2] ; inm[6]      ;       ; 5.506 ; 5.506 ;       ;
; tipo_inst[2] ; inm[7]      ;       ; 5.207 ; 5.207 ;       ;
; tipo_inst[2] ; inm[8]      ;       ; 5.257 ; 5.257 ;       ;
; tipo_inst[2] ; inm[9]      ;       ; 5.195 ; 5.195 ;       ;
; tipo_inst[2] ; inm[10]     ;       ; 5.478 ; 5.478 ;       ;
; tipo_inst[2] ; inm[11]     ; 5.677 ; 5.677 ; 5.677 ; 5.677 ;
; tipo_inst[2] ; inm[12]     ; 6.373 ; 6.756 ; 6.756 ; 6.373 ;
; tipo_inst[2] ; inm[13]     ; 6.391 ; 6.775 ; 6.775 ; 6.391 ;
; tipo_inst[2] ; inm[14]     ; 6.373 ; 6.761 ; 6.761 ; 6.373 ;
; tipo_inst[2] ; inm[15]     ; 6.497 ; 6.881 ; 6.881 ; 6.497 ;
; tipo_inst[2] ; inm[16]     ; 6.521 ; 6.904 ; 6.904 ; 6.521 ;
; tipo_inst[2] ; inm[17]     ; 6.528 ; 6.912 ; 6.912 ; 6.528 ;
; tipo_inst[2] ; inm[18]     ; 6.488 ; 6.872 ; 6.872 ; 6.488 ;
; tipo_inst[2] ; inm[19]     ; 6.621 ; 7.008 ; 7.008 ; 6.621 ;
; tipo_inst[2] ; inm[20]     ;       ; 5.609 ; 5.609 ;       ;
; tipo_inst[2] ; inm[21]     ;       ; 5.612 ; 5.612 ;       ;
; tipo_inst[2] ; inm[22]     ;       ; 5.462 ; 5.462 ;       ;
; tipo_inst[2] ; inm[23]     ;       ; 5.466 ; 5.466 ;       ;
; tipo_inst[2] ; inm[24]     ;       ; 5.455 ; 5.455 ;       ;
; tipo_inst[2] ; inm[25]     ;       ; 5.587 ; 5.587 ;       ;
; tipo_inst[2] ; inm[26]     ;       ; 5.604 ; 5.604 ;       ;
; tipo_inst[2] ; inm[27]     ;       ; 5.445 ; 5.445 ;       ;
; tipo_inst[2] ; inm[28]     ;       ; 5.698 ; 5.698 ;       ;
; tipo_inst[2] ; inm[29]     ;       ; 5.574 ; 5.574 ;       ;
; tipo_inst[2] ; inm[30]     ;       ; 5.605 ; 5.605 ;       ;
; tipo_inst[2] ; inm[31]     ;       ; 5.226 ; 5.226 ;       ;
+--------------+-------------+-------+-------+-------+-------+


+------------------------------------------------------------+
; Minimum Propagation Delay                                  ;
+--------------+-------------+-------+-------+-------+-------+
; Input Port   ; Output Port ; RR    ; RF    ; FR    ; FF    ;
+--------------+-------------+-------+-------+-------+-------+
; ir_out[7]    ; inm[0]      ; 5.547 ;       ;       ; 5.547 ;
; ir_out[7]    ; inm[11]     ; 5.733 ;       ;       ; 5.733 ;
; ir_out[8]    ; inm[1]      ; 4.852 ;       ;       ; 4.852 ;
; ir_out[9]    ; inm[2]      ; 5.374 ;       ;       ; 5.374 ;
; ir_out[10]   ; inm[3]      ; 5.025 ;       ;       ; 5.025 ;
; ir_out[11]   ; inm[4]      ; 5.250 ;       ;       ; 5.250 ;
; ir_out[12]   ; inm[12]     ; 5.362 ; 5.362 ; 5.362 ; 5.362 ;
; ir_out[13]   ; inm[13]     ; 5.596 ; 5.596 ; 5.596 ; 5.596 ;
; ir_out[14]   ; inm[14]     ; 5.154 ; 5.154 ; 5.154 ; 5.154 ;
; ir_out[15]   ; inm[15]     ; 5.272 ; 5.272 ; 5.272 ; 5.272 ;
; ir_out[16]   ; inm[16]     ; 5.463 ; 5.463 ; 5.463 ; 5.463 ;
; ir_out[17]   ; inm[17]     ; 5.456 ; 5.456 ; 5.456 ; 5.456 ;
; ir_out[18]   ; inm[18]     ; 5.468 ; 5.468 ; 5.468 ; 5.468 ;
; ir_out[19]   ; inm[19]     ; 5.619 ; 5.619 ; 5.619 ; 5.619 ;
; ir_out[20]   ; inm[0]      ; 5.417 ;       ;       ; 5.417 ;
; ir_out[20]   ; inm[11]     ; 5.601 ;       ;       ; 5.601 ;
; ir_out[20]   ; inm[20]     ; 5.280 ;       ;       ; 5.280 ;
; ir_out[21]   ; inm[1]      ; 5.348 ;       ;       ; 5.348 ;
; ir_out[21]   ; inm[21]     ; 5.698 ;       ;       ; 5.698 ;
; ir_out[22]   ; inm[2]      ; 5.481 ;       ;       ; 5.481 ;
; ir_out[22]   ; inm[22]     ; 5.304 ;       ;       ; 5.304 ;
; ir_out[23]   ; inm[3]      ; 5.173 ;       ;       ; 5.173 ;
; ir_out[23]   ; inm[23]     ; 5.320 ;       ;       ; 5.320 ;
; ir_out[24]   ; inm[4]      ; 5.353 ;       ;       ; 5.353 ;
; ir_out[24]   ; inm[24]     ; 5.339 ;       ;       ; 5.339 ;
; ir_out[25]   ; inm[5]      ; 4.990 ;       ;       ; 4.990 ;
; ir_out[25]   ; inm[25]     ; 5.263 ;       ;       ; 5.263 ;
; ir_out[26]   ; inm[6]      ; 5.274 ;       ;       ; 5.274 ;
; ir_out[26]   ; inm[26]     ; 5.395 ;       ;       ; 5.395 ;
; ir_out[27]   ; inm[7]      ; 4.951 ;       ;       ; 4.951 ;
; ir_out[27]   ; inm[27]     ; 5.304 ;       ;       ; 5.304 ;
; ir_out[28]   ; inm[8]      ; 5.138 ;       ;       ; 5.138 ;
; ir_out[28]   ; inm[28]     ; 5.453 ;       ;       ; 5.453 ;
; ir_out[29]   ; inm[9]      ; 5.080 ;       ;       ; 5.080 ;
; ir_out[29]   ; inm[29]     ; 5.356 ;       ;       ; 5.356 ;
; ir_out[30]   ; inm[10]     ; 5.231 ;       ;       ; 5.231 ;
; ir_out[30]   ; inm[30]     ; 5.367 ;       ;       ; 5.367 ;
; ir_out[31]   ; inm[11]     ; 5.521 ;       ;       ; 5.521 ;
; ir_out[31]   ; inm[12]     ; 6.498 ;       ;       ; 6.498 ;
; ir_out[31]   ; inm[13]     ; 6.516 ;       ;       ; 6.516 ;
; ir_out[31]   ; inm[14]     ; 6.498 ;       ;       ; 6.498 ;
; ir_out[31]   ; inm[15]     ; 6.622 ;       ;       ; 6.622 ;
; ir_out[31]   ; inm[16]     ; 6.646 ;       ;       ; 6.646 ;
; ir_out[31]   ; inm[17]     ; 6.653 ;       ;       ; 6.653 ;
; ir_out[31]   ; inm[18]     ; 6.613 ;       ;       ; 6.613 ;
; ir_out[31]   ; inm[19]     ; 6.746 ;       ;       ; 6.746 ;
; ir_out[31]   ; inm[20]     ; 5.604 ;       ;       ; 5.604 ;
; ir_out[31]   ; inm[21]     ; 5.491 ;       ;       ; 5.491 ;
; ir_out[31]   ; inm[22]     ; 5.457 ;       ;       ; 5.457 ;
; ir_out[31]   ; inm[23]     ; 5.341 ;       ;       ; 5.341 ;
; ir_out[31]   ; inm[24]     ; 5.453 ;       ;       ; 5.453 ;
; ir_out[31]   ; inm[25]     ; 5.583 ;       ;       ; 5.583 ;
; ir_out[31]   ; inm[26]     ; 5.480 ;       ;       ; 5.480 ;
; ir_out[31]   ; inm[27]     ; 5.319 ;       ;       ; 5.319 ;
; ir_out[31]   ; inm[28]     ; 5.610 ;       ;       ; 5.610 ;
; ir_out[31]   ; inm[29]     ; 5.573 ;       ;       ; 5.573 ;
; ir_out[31]   ; inm[30]     ; 5.478 ;       ;       ; 5.478 ;
; ir_out[31]   ; inm[31]     ; 5.360 ;       ;       ; 5.360 ;
; tipo_inst[0] ; inm[0]      ; 5.494 ; 5.494 ; 5.494 ; 5.494 ;
; tipo_inst[0] ; inm[1]      ; 5.736 ; 5.750 ; 5.750 ; 5.736 ;
; tipo_inst[0] ; inm[2]      ; 6.038 ; 6.052 ; 6.052 ; 6.038 ;
; tipo_inst[0] ; inm[3]      ; 5.602 ; 5.724 ; 5.724 ; 5.602 ;
; tipo_inst[0] ; inm[4]      ; 5.880 ; 5.891 ; 5.891 ; 5.880 ;
; tipo_inst[0] ; inm[5]      ;       ; 5.204 ; 5.204 ;       ;
; tipo_inst[0] ; inm[6]      ;       ; 5.524 ; 5.524 ;       ;
; tipo_inst[0] ; inm[7]      ;       ; 5.205 ; 5.205 ;       ;
; tipo_inst[0] ; inm[8]      ;       ; 5.337 ; 5.337 ;       ;
; tipo_inst[0] ; inm[9]      ;       ; 5.211 ; 5.211 ;       ;
; tipo_inst[0] ; inm[10]     ;       ; 5.494 ; 5.494 ;       ;
; tipo_inst[0] ; inm[11]     ;       ; 5.678 ; 5.678 ;       ;
; tipo_inst[0] ; inm[12]     ; 6.424 ; 6.424 ; 6.424 ; 6.424 ;
; tipo_inst[0] ; inm[13]     ; 6.442 ; 6.442 ; 6.442 ; 6.442 ;
; tipo_inst[0] ; inm[14]     ; 6.424 ; 6.424 ; 6.424 ; 6.424 ;
; tipo_inst[0] ; inm[15]     ; 6.548 ; 6.548 ; 6.548 ; 6.548 ;
; tipo_inst[0] ; inm[16]     ; 6.572 ; 6.572 ; 6.572 ; 6.572 ;
; tipo_inst[0] ; inm[17]     ; 6.579 ; 6.579 ; 6.579 ; 6.579 ;
; tipo_inst[0] ; inm[18]     ; 6.539 ; 6.539 ; 6.539 ; 6.539 ;
; tipo_inst[0] ; inm[19]     ; 6.672 ; 6.672 ; 6.672 ; 6.672 ;
; tipo_inst[0] ; inm[20]     ; 6.059 ; 5.672 ; 5.672 ; 6.059 ;
; tipo_inst[0] ; inm[21]     ; 6.071 ; 5.675 ; 5.675 ; 6.071 ;
; tipo_inst[0] ; inm[22]     ; 5.911 ; 5.525 ; 5.525 ; 5.911 ;
; tipo_inst[0] ; inm[23]     ; 5.916 ; 5.529 ; 5.529 ; 5.916 ;
; tipo_inst[0] ; inm[24]     ; 5.914 ; 5.518 ; 5.518 ; 5.914 ;
; tipo_inst[0] ; inm[25]     ; 6.036 ; 5.650 ; 5.650 ; 6.036 ;
; tipo_inst[0] ; inm[26]     ; 6.058 ; 5.667 ; 5.667 ; 6.058 ;
; tipo_inst[0] ; inm[27]     ; 5.894 ; 5.508 ; 5.508 ; 5.894 ;
; tipo_inst[0] ; inm[28]     ; 5.939 ; 5.761 ; 5.761 ; 5.939 ;
; tipo_inst[0] ; inm[29]     ; 6.036 ; 5.637 ; 5.637 ; 6.036 ;
; tipo_inst[0] ; inm[30]     ; 6.054 ; 5.668 ; 5.668 ; 6.054 ;
; tipo_inst[0] ; inm[31]     ;       ; 5.269 ; 5.269 ;       ;
; tipo_inst[1] ; inm[0]      ;       ; 5.864 ; 5.864 ;       ;
; tipo_inst[1] ; inm[1]      ;       ; 5.668 ; 5.668 ;       ;
; tipo_inst[1] ; inm[2]      ;       ; 5.970 ; 5.970 ;       ;
; tipo_inst[1] ; inm[3]      ;       ; 5.602 ; 5.602 ;       ;
; tipo_inst[1] ; inm[4]      ;       ; 5.809 ; 5.809 ;       ;
; tipo_inst[1] ; inm[5]      ;       ; 5.208 ; 5.208 ;       ;
; tipo_inst[1] ; inm[6]      ;       ; 5.442 ; 5.442 ;       ;
; tipo_inst[1] ; inm[7]      ;       ; 5.140 ; 5.140 ;       ;
; tipo_inst[1] ; inm[8]      ;       ; 5.328 ; 5.328 ;       ;
; tipo_inst[1] ; inm[9]      ;       ; 5.129 ; 5.129 ;       ;
; tipo_inst[1] ; inm[10]     ;       ; 5.412 ; 5.412 ;       ;
; tipo_inst[1] ; inm[11]     ; 5.448 ; 5.448 ; 5.448 ; 5.448 ;
; tipo_inst[1] ; inm[12]     ; 6.491 ; 6.491 ; 6.491 ; 6.491 ;
; tipo_inst[1] ; inm[13]     ; 6.509 ; 6.509 ; 6.509 ; 6.509 ;
; tipo_inst[1] ; inm[14]     ; 6.491 ; 6.491 ; 6.491 ; 6.491 ;
; tipo_inst[1] ; inm[15]     ; 6.615 ; 6.615 ; 6.615 ; 6.615 ;
; tipo_inst[1] ; inm[16]     ; 6.639 ; 6.639 ; 6.639 ; 6.639 ;
; tipo_inst[1] ; inm[17]     ; 6.646 ; 6.646 ; 6.646 ; 6.646 ;
; tipo_inst[1] ; inm[18]     ; 6.606 ; 6.606 ; 6.606 ; 6.606 ;
; tipo_inst[1] ; inm[19]     ; 6.739 ; 6.739 ; 6.739 ; 6.739 ;
; tipo_inst[1] ; inm[20]     ; 5.996 ; 5.634 ; 5.634 ; 5.996 ;
; tipo_inst[1] ; inm[21]     ; 6.008 ; 5.637 ; 5.637 ; 6.008 ;
; tipo_inst[1] ; inm[22]     ; 5.848 ; 5.487 ; 5.487 ; 5.848 ;
; tipo_inst[1] ; inm[23]     ; 5.853 ; 5.491 ; 5.491 ; 5.853 ;
; tipo_inst[1] ; inm[24]     ; 5.851 ; 5.480 ; 5.480 ; 5.851 ;
; tipo_inst[1] ; inm[25]     ; 5.973 ; 5.612 ; 5.612 ; 5.973 ;
; tipo_inst[1] ; inm[26]     ; 5.995 ; 5.629 ; 5.629 ; 5.995 ;
; tipo_inst[1] ; inm[27]     ; 5.831 ; 5.470 ; 5.470 ; 5.831 ;
; tipo_inst[1] ; inm[28]     ; 5.876 ; 5.723 ; 5.723 ; 5.876 ;
; tipo_inst[1] ; inm[29]     ; 5.973 ; 5.599 ; 5.599 ; 5.973 ;
; tipo_inst[1] ; inm[30]     ; 5.991 ; 5.630 ; 5.630 ; 5.991 ;
; tipo_inst[1] ; inm[31]     ;       ; 5.356 ; 5.356 ;       ;
; tipo_inst[2] ; inm[0]      ;       ; 5.794 ; 5.794 ;       ;
; tipo_inst[2] ; inm[1]      ;       ; 5.663 ; 5.663 ;       ;
; tipo_inst[2] ; inm[2]      ;       ; 5.965 ; 5.965 ;       ;
; tipo_inst[2] ; inm[3]      ;       ; 5.529 ; 5.529 ;       ;
; tipo_inst[2] ; inm[4]      ;       ; 5.807 ; 5.807 ;       ;
; tipo_inst[2] ; inm[5]      ;       ; 5.138 ; 5.138 ;       ;
; tipo_inst[2] ; inm[6]      ;       ; 5.506 ; 5.506 ;       ;
; tipo_inst[2] ; inm[7]      ;       ; 5.207 ; 5.207 ;       ;
; tipo_inst[2] ; inm[8]      ;       ; 5.257 ; 5.257 ;       ;
; tipo_inst[2] ; inm[9]      ;       ; 5.195 ; 5.195 ;       ;
; tipo_inst[2] ; inm[10]     ;       ; 5.478 ; 5.478 ;       ;
; tipo_inst[2] ; inm[11]     ; 5.514 ; 5.514 ; 5.514 ; 5.514 ;
; tipo_inst[2] ; inm[12]     ; 6.373 ; 6.373 ; 6.373 ; 6.373 ;
; tipo_inst[2] ; inm[13]     ; 6.391 ; 6.391 ; 6.391 ; 6.391 ;
; tipo_inst[2] ; inm[14]     ; 6.373 ; 6.373 ; 6.373 ; 6.373 ;
; tipo_inst[2] ; inm[15]     ; 6.497 ; 6.497 ; 6.497 ; 6.497 ;
; tipo_inst[2] ; inm[16]     ; 6.521 ; 6.521 ; 6.521 ; 6.521 ;
; tipo_inst[2] ; inm[17]     ; 6.528 ; 6.528 ; 6.528 ; 6.528 ;
; tipo_inst[2] ; inm[18]     ; 6.488 ; 6.488 ; 6.488 ; 6.488 ;
; tipo_inst[2] ; inm[19]     ; 6.621 ; 6.621 ; 6.621 ; 6.621 ;
; tipo_inst[2] ; inm[20]     ;       ; 5.609 ; 5.609 ;       ;
; tipo_inst[2] ; inm[21]     ;       ; 5.612 ; 5.612 ;       ;
; tipo_inst[2] ; inm[22]     ;       ; 5.462 ; 5.462 ;       ;
; tipo_inst[2] ; inm[23]     ;       ; 5.466 ; 5.466 ;       ;
; tipo_inst[2] ; inm[24]     ;       ; 5.455 ; 5.455 ;       ;
; tipo_inst[2] ; inm[25]     ;       ; 5.587 ; 5.587 ;       ;
; tipo_inst[2] ; inm[26]     ;       ; 5.604 ; 5.604 ;       ;
; tipo_inst[2] ; inm[27]     ;       ; 5.445 ; 5.445 ;       ;
; tipo_inst[2] ; inm[28]     ;       ; 5.698 ; 5.698 ;       ;
; tipo_inst[2] ; inm[29]     ;       ; 5.574 ; 5.574 ;       ;
; tipo_inst[2] ; inm[30]     ;       ; 5.605 ; 5.605 ;       ;
; tipo_inst[2] ; inm[31]     ;       ; 5.226 ; 5.226 ;       ;
+--------------+-------------+-------+-------+-------+-------+


+----------------------------------------------------------------------------+
; Multicorner Timing Analysis Summary                                        ;
+------------------+-------+------+----------+---------+---------------------+
; Clock            ; Setup ; Hold ; Recovery ; Removal ; Minimum Pulse Width ;
+------------------+-------+------+----------+---------+---------------------+
; Worst-case Slack ; N/A   ; N/A  ; N/A      ; N/A     ; N/A                 ;
; Design-wide TNS  ; 0.0   ; 0.0  ; 0.0      ; 0.0     ; 0.0                 ;
+------------------+-------+------+----------+---------+---------------------+


+----------------------------------------------------------------+
; Progagation Delay                                              ;
+--------------+-------------+--------+--------+--------+--------+
; Input Port   ; Output Port ; RR     ; RF     ; FR     ; FF     ;
+--------------+-------------+--------+--------+--------+--------+
; ir_out[7]    ; inm[0]      ; 10.966 ;        ;        ; 10.966 ;
; ir_out[7]    ; inm[11]     ; 11.450 ;        ;        ; 11.450 ;
; ir_out[8]    ; inm[1]      ; 9.258  ;        ;        ; 9.258  ;
; ir_out[9]    ; inm[2]      ; 10.508 ;        ;        ; 10.508 ;
; ir_out[10]   ; inm[3]      ; 9.733  ;        ;        ; 9.733  ;
; ir_out[11]   ; inm[4]      ; 10.319 ;        ;        ; 10.319 ;
; ir_out[12]   ; inm[12]     ; 10.611 ; 10.611 ; 10.611 ; 10.611 ;
; ir_out[13]   ; inm[13]     ; 11.086 ; 11.086 ; 11.086 ; 11.086 ;
; ir_out[14]   ; inm[14]     ; 10.052 ; 10.052 ; 10.052 ; 10.052 ;
; ir_out[15]   ; inm[15]     ; 10.307 ; 10.307 ; 10.307 ; 10.307 ;
; ir_out[16]   ; inm[16]     ; 10.815 ; 10.815 ; 10.815 ; 10.815 ;
; ir_out[17]   ; inm[17]     ; 10.712 ; 10.712 ; 10.712 ; 10.712 ;
; ir_out[18]   ; inm[18]     ; 10.798 ; 10.798 ; 10.798 ; 10.798 ;
; ir_out[19]   ; inm[19]     ; 11.224 ; 11.224 ; 11.224 ; 11.224 ;
; ir_out[20]   ; inm[0]      ; 10.713 ;        ;        ; 10.713 ;
; ir_out[20]   ; inm[11]     ; 11.195 ;        ;        ; 11.195 ;
; ir_out[20]   ; inm[20]     ; 10.303 ;        ;        ; 10.303 ;
; ir_out[21]   ; inm[1]      ; 10.484 ;        ;        ; 10.484 ;
; ir_out[21]   ; inm[21]     ; 11.373 ;        ;        ; 11.373 ;
; ir_out[22]   ; inm[2]      ; 10.727 ;        ;        ; 10.727 ;
; ir_out[22]   ; inm[22]     ; 10.341 ;        ;        ; 10.341 ;
; ir_out[23]   ; inm[3]      ; 10.189 ;        ;        ; 10.189 ;
; ir_out[23]   ; inm[23]     ; 10.546 ;        ;        ; 10.546 ;
; ir_out[24]   ; inm[4]      ; 10.527 ;        ;        ; 10.527 ;
; ir_out[24]   ; inm[24]     ; 10.527 ;        ;        ; 10.527 ;
; ir_out[25]   ; inm[5]      ; 9.597  ;        ;        ; 9.597  ;
; ir_out[25]   ; inm[25]     ; 10.281 ;        ;        ; 10.281 ;
; ir_out[26]   ; inm[6]      ; 10.287 ;        ;        ; 10.287 ;
; ir_out[26]   ; inm[26]     ; 10.648 ;        ;        ; 10.648 ;
; ir_out[27]   ; inm[7]      ; 9.556  ;        ;        ; 9.556  ;
; ir_out[27]   ; inm[27]     ; 10.503 ;        ;        ; 10.503 ;
; ir_out[28]   ; inm[8]      ; 9.953  ;        ;        ; 9.953  ;
; ir_out[28]   ; inm[28]     ; 10.737 ;        ;        ; 10.737 ;
; ir_out[29]   ; inm[9]      ; 9.871  ;        ;        ; 9.871  ;
; ir_out[29]   ; inm[29]     ; 10.546 ;        ;        ; 10.546 ;
; ir_out[30]   ; inm[10]     ; 10.245 ;        ;        ; 10.245 ;
; ir_out[30]   ; inm[30]     ; 10.607 ;        ;        ; 10.607 ;
; ir_out[31]   ; inm[11]     ; 10.989 ;        ;        ; 10.989 ;
; ir_out[31]   ; inm[12]     ; 14.337 ;        ;        ; 14.337 ;
; ir_out[31]   ; inm[13]     ; 14.361 ;        ;        ; 14.361 ;
; ir_out[31]   ; inm[14]     ; 14.341 ;        ;        ; 14.341 ;
; ir_out[31]   ; inm[15]     ; 14.633 ;        ;        ; 14.633 ;
; ir_out[31]   ; inm[16]     ; 14.670 ;        ;        ; 14.670 ;
; ir_out[31]   ; inm[17]     ; 14.675 ;        ;        ; 14.675 ;
; ir_out[31]   ; inm[18]     ; 14.628 ;        ;        ; 14.628 ;
; ir_out[31]   ; inm[19]     ; 14.944 ;        ;        ; 14.944 ;
; ir_out[31]   ; inm[20]     ; 11.213 ;        ;        ; 11.213 ;
; ir_out[31]   ; inm[21]     ; 10.879 ;        ;        ; 10.879 ;
; ir_out[31]   ; inm[22]     ; 10.871 ;        ;        ; 10.871 ;
; ir_out[31]   ; inm[23]     ; 10.532 ;        ;        ; 10.532 ;
; ir_out[31]   ; inm[24]     ; 10.868 ;        ;        ; 10.868 ;
; ir_out[31]   ; inm[25]     ; 11.191 ;        ;        ; 11.191 ;
; ir_out[31]   ; inm[26]     ; 10.868 ;        ;        ; 10.868 ;
; ir_out[31]   ; inm[27]     ; 10.499 ;        ;        ; 10.499 ;
; ir_out[31]   ; inm[28]     ; 11.225 ;        ;        ; 11.225 ;
; ir_out[31]   ; inm[29]     ; 11.179 ;        ;        ; 11.179 ;
; ir_out[31]   ; inm[30]     ; 10.865 ;        ;        ; 10.865 ;
; ir_out[31]   ; inm[31]     ; 10.625 ;        ;        ; 10.625 ;
; tipo_inst[0] ; inm[0]      ; 10.801 ; 10.801 ; 10.801 ; 10.801 ;
; tipo_inst[0] ; inm[1]      ; 11.548 ; 11.516 ; 11.516 ; 11.548 ;
; tipo_inst[0] ; inm[2]      ; 12.272 ; 12.238 ; 12.238 ; 12.272 ;
; tipo_inst[0] ; inm[3]      ; 11.189 ; 11.489 ; 11.489 ; 11.189 ;
; tipo_inst[0] ; inm[4]      ; 11.888 ; 11.853 ; 11.853 ; 11.888 ;
; tipo_inst[0] ; inm[5]      ;        ; 10.087 ; 10.087 ;        ;
; tipo_inst[0] ; inm[6]      ;        ; 10.819 ; 10.819 ;        ;
; tipo_inst[0] ; inm[7]      ;        ; 10.087 ; 10.087 ;        ;
; tipo_inst[0] ; inm[8]      ;        ; 10.420 ; 10.420 ;        ;
; tipo_inst[0] ; inm[9]      ;        ; 10.095 ; 10.095 ;        ;
; tipo_inst[0] ; inm[10]     ;        ; 10.787 ; 10.787 ;        ;
; tipo_inst[0] ; inm[11]     ;        ; 11.229 ; 11.229 ;        ;
; tipo_inst[0] ; inm[12]     ; 12.938 ; 13.964 ; 13.964 ; 12.938 ;
; tipo_inst[0] ; inm[13]     ; 12.959 ; 13.988 ; 13.988 ; 12.959 ;
; tipo_inst[0] ; inm[14]     ; 12.936 ; 13.968 ; 13.968 ; 12.936 ;
; tipo_inst[0] ; inm[15]     ; 13.234 ; 14.260 ; 14.260 ; 13.234 ;
; tipo_inst[0] ; inm[16]     ; 13.268 ; 14.297 ; 14.297 ; 13.268 ;
; tipo_inst[0] ; inm[17]     ; 13.276 ; 14.302 ; 14.302 ; 13.276 ;
; tipo_inst[0] ; inm[18]     ; 13.226 ; 14.255 ; 14.255 ; 13.226 ;
; tipo_inst[0] ; inm[19]     ; 13.541 ; 14.571 ; 14.571 ; 13.541 ;
; tipo_inst[0] ; inm[20]     ; 12.264 ; 12.264 ; 12.264 ; 12.264 ;
; tipo_inst[0] ; inm[21]     ; 12.313 ; 12.313 ; 12.313 ; 12.313 ;
; tipo_inst[0] ; inm[22]     ; 11.923 ; 11.923 ; 11.923 ; 11.923 ;
; tipo_inst[0] ; inm[23]     ; 11.960 ; 11.960 ; 11.960 ; 11.960 ;
; tipo_inst[0] ; inm[24]     ; 11.925 ; 11.925 ; 11.925 ; 11.925 ;
; tipo_inst[0] ; inm[25]     ; 12.242 ; 12.242 ; 12.242 ; 12.242 ;
; tipo_inst[0] ; inm[26]     ; 12.301 ; 12.301 ; 12.301 ; 12.301 ;
; tipo_inst[0] ; inm[27]     ; 11.927 ; 11.927 ; 11.927 ; 11.927 ;
; tipo_inst[0] ; inm[28]     ; 11.925 ; 11.925 ; 11.925 ; 11.925 ;
; tipo_inst[0] ; inm[29]     ; 12.240 ; 12.240 ; 12.240 ; 12.240 ;
; tipo_inst[0] ; inm[30]     ; 12.294 ; 12.294 ; 12.294 ; 12.294 ;
; tipo_inst[0] ; inm[31]     ;        ; 10.243 ; 10.243 ;        ;
; tipo_inst[1] ; inm[0]      ;        ; 11.800 ; 11.800 ;        ;
; tipo_inst[1] ; inm[1]      ;        ; 11.489 ; 11.489 ;        ;
; tipo_inst[1] ; inm[2]      ;        ; 12.213 ; 12.213 ;        ;
; tipo_inst[1] ; inm[3]      ;        ; 11.362 ; 11.362 ;        ;
; tipo_inst[1] ; inm[4]      ;        ; 11.829 ; 11.829 ;        ;
; tipo_inst[1] ; inm[5]      ;        ; 10.080 ; 10.080 ;        ;
; tipo_inst[1] ; inm[6]      ;        ; 10.639 ; 10.639 ;        ;
; tipo_inst[1] ; inm[7]      ;        ; 9.931  ; 9.931  ;        ;
; tipo_inst[1] ; inm[8]      ;        ; 10.400 ; 10.400 ;        ;
; tipo_inst[1] ; inm[9]      ;        ; 9.917  ; 9.917  ;        ;
; tipo_inst[1] ; inm[10]     ;        ; 10.610 ; 10.610 ;        ;
; tipo_inst[1] ; inm[11]     ; 10.648 ; 10.648 ; 10.648 ; 10.648 ;
; tipo_inst[1] ; inm[12]     ; 13.155 ; 14.188 ; 14.188 ; 13.155 ;
; tipo_inst[1] ; inm[13]     ; 13.176 ; 14.212 ; 14.212 ; 13.176 ;
; tipo_inst[1] ; inm[14]     ; 13.153 ; 14.192 ; 14.192 ; 13.153 ;
; tipo_inst[1] ; inm[15]     ; 13.451 ; 14.484 ; 14.484 ; 13.451 ;
; tipo_inst[1] ; inm[16]     ; 13.485 ; 14.521 ; 14.521 ; 13.485 ;
; tipo_inst[1] ; inm[17]     ; 13.493 ; 14.526 ; 14.526 ; 13.493 ;
; tipo_inst[1] ; inm[18]     ; 13.443 ; 14.479 ; 14.479 ; 13.443 ;
; tipo_inst[1] ; inm[19]     ; 13.758 ; 14.795 ; 14.795 ; 13.758 ;
; tipo_inst[1] ; inm[20]     ; 12.046 ; 12.046 ; 12.046 ; 12.046 ;
; tipo_inst[1] ; inm[21]     ; 12.095 ; 12.095 ; 12.095 ; 12.095 ;
; tipo_inst[1] ; inm[22]     ; 11.705 ; 11.705 ; 11.705 ; 11.705 ;
; tipo_inst[1] ; inm[23]     ; 11.742 ; 11.742 ; 11.742 ; 11.742 ;
; tipo_inst[1] ; inm[24]     ; 11.707 ; 11.707 ; 11.707 ; 11.707 ;
; tipo_inst[1] ; inm[25]     ; 12.024 ; 12.024 ; 12.024 ; 12.024 ;
; tipo_inst[1] ; inm[26]     ; 12.083 ; 12.083 ; 12.083 ; 12.083 ;
; tipo_inst[1] ; inm[27]     ; 11.709 ; 11.709 ; 11.709 ; 11.709 ;
; tipo_inst[1] ; inm[28]     ; 11.707 ; 11.707 ; 11.707 ; 11.707 ;
; tipo_inst[1] ; inm[29]     ; 12.022 ; 12.022 ; 12.022 ; 12.022 ;
; tipo_inst[1] ; inm[30]     ; 12.076 ; 12.076 ; 12.076 ; 12.076 ;
; tipo_inst[1] ; inm[31]     ;        ; 10.482 ; 10.482 ;        ;
; tipo_inst[2] ; inm[0]      ;        ; 11.665 ; 11.665 ;        ;
; tipo_inst[2] ; inm[1]      ;        ; 11.354 ; 11.354 ;        ;
; tipo_inst[2] ; inm[2]      ;        ; 12.078 ; 12.078 ;        ;
; tipo_inst[2] ; inm[3]      ;        ; 10.995 ; 10.995 ;        ;
; tipo_inst[2] ; inm[4]      ;        ; 11.694 ; 11.694 ;        ;
; tipo_inst[2] ; inm[5]      ;        ; 9.924  ; 9.924  ;        ;
; tipo_inst[2] ; inm[6]      ;        ; 10.790 ; 10.790 ;        ;
; tipo_inst[2] ; inm[7]      ;        ; 10.079 ; 10.079 ;        ;
; tipo_inst[2] ; inm[8]      ;        ; 10.246 ; 10.246 ;        ;
; tipo_inst[2] ; inm[9]      ;        ; 10.068 ; 10.068 ;        ;
; tipo_inst[2] ; inm[10]     ;        ; 10.761 ; 10.761 ;        ;
; tipo_inst[2] ; inm[11]     ; 11.303 ; 11.303 ; 11.303 ; 11.303 ;
; tipo_inst[2] ; inm[12]     ; 12.919 ; 13.948 ; 13.948 ; 12.919 ;
; tipo_inst[2] ; inm[13]     ; 12.940 ; 13.972 ; 13.972 ; 12.940 ;
; tipo_inst[2] ; inm[14]     ; 12.917 ; 13.952 ; 13.952 ; 12.917 ;
; tipo_inst[2] ; inm[15]     ; 13.215 ; 14.244 ; 14.244 ; 13.215 ;
; tipo_inst[2] ; inm[16]     ; 13.249 ; 14.281 ; 14.281 ; 13.249 ;
; tipo_inst[2] ; inm[17]     ; 13.257 ; 14.286 ; 14.286 ; 13.257 ;
; tipo_inst[2] ; inm[18]     ; 13.207 ; 14.239 ; 14.239 ; 13.207 ;
; tipo_inst[2] ; inm[19]     ; 13.522 ; 14.555 ; 14.555 ; 13.522 ;
; tipo_inst[2] ; inm[20]     ;        ; 11.090 ; 11.090 ;        ;
; tipo_inst[2] ; inm[21]     ;        ; 11.097 ; 11.097 ;        ;
; tipo_inst[2] ; inm[22]     ;        ; 10.749 ; 10.749 ;        ;
; tipo_inst[2] ; inm[23]     ;        ; 10.752 ; 10.752 ;        ;
; tipo_inst[2] ; inm[24]     ;        ; 10.743 ; 10.743 ;        ;
; tipo_inst[2] ; inm[25]     ;        ; 11.068 ; 11.068 ;        ;
; tipo_inst[2] ; inm[26]     ;        ; 11.089 ; 11.089 ;        ;
; tipo_inst[2] ; inm[27]     ;        ; 10.719 ; 10.719 ;        ;
; tipo_inst[2] ; inm[28]     ;        ; 11.253 ; 11.253 ;        ;
; tipo_inst[2] ; inm[29]     ;        ; 11.055 ; 11.055 ;        ;
; tipo_inst[2] ; inm[30]     ;        ; 11.085 ; 11.085 ;        ;
; tipo_inst[2] ; inm[31]     ;        ; 10.235 ; 10.235 ;        ;
+--------------+-------------+--------+--------+--------+--------+


+------------------------------------------------------------+
; Minimum Progagation Delay                                  ;
+--------------+-------------+-------+-------+-------+-------+
; Input Port   ; Output Port ; RR    ; RF    ; FR    ; FF    ;
+--------------+-------------+-------+-------+-------+-------+
; ir_out[7]    ; inm[0]      ; 5.547 ;       ;       ; 5.547 ;
; ir_out[7]    ; inm[11]     ; 5.733 ;       ;       ; 5.733 ;
; ir_out[8]    ; inm[1]      ; 4.852 ;       ;       ; 4.852 ;
; ir_out[9]    ; inm[2]      ; 5.374 ;       ;       ; 5.374 ;
; ir_out[10]   ; inm[3]      ; 5.025 ;       ;       ; 5.025 ;
; ir_out[11]   ; inm[4]      ; 5.250 ;       ;       ; 5.250 ;
; ir_out[12]   ; inm[12]     ; 5.362 ; 5.362 ; 5.362 ; 5.362 ;
; ir_out[13]   ; inm[13]     ; 5.596 ; 5.596 ; 5.596 ; 5.596 ;
; ir_out[14]   ; inm[14]     ; 5.154 ; 5.154 ; 5.154 ; 5.154 ;
; ir_out[15]   ; inm[15]     ; 5.272 ; 5.272 ; 5.272 ; 5.272 ;
; ir_out[16]   ; inm[16]     ; 5.463 ; 5.463 ; 5.463 ; 5.463 ;
; ir_out[17]   ; inm[17]     ; 5.456 ; 5.456 ; 5.456 ; 5.456 ;
; ir_out[18]   ; inm[18]     ; 5.468 ; 5.468 ; 5.468 ; 5.468 ;
; ir_out[19]   ; inm[19]     ; 5.619 ; 5.619 ; 5.619 ; 5.619 ;
; ir_out[20]   ; inm[0]      ; 5.417 ;       ;       ; 5.417 ;
; ir_out[20]   ; inm[11]     ; 5.601 ;       ;       ; 5.601 ;
; ir_out[20]   ; inm[20]     ; 5.280 ;       ;       ; 5.280 ;
; ir_out[21]   ; inm[1]      ; 5.348 ;       ;       ; 5.348 ;
; ir_out[21]   ; inm[21]     ; 5.698 ;       ;       ; 5.698 ;
; ir_out[22]   ; inm[2]      ; 5.481 ;       ;       ; 5.481 ;
; ir_out[22]   ; inm[22]     ; 5.304 ;       ;       ; 5.304 ;
; ir_out[23]   ; inm[3]      ; 5.173 ;       ;       ; 5.173 ;
; ir_out[23]   ; inm[23]     ; 5.320 ;       ;       ; 5.320 ;
; ir_out[24]   ; inm[4]      ; 5.353 ;       ;       ; 5.353 ;
; ir_out[24]   ; inm[24]     ; 5.339 ;       ;       ; 5.339 ;
; ir_out[25]   ; inm[5]      ; 4.990 ;       ;       ; 4.990 ;
; ir_out[25]   ; inm[25]     ; 5.263 ;       ;       ; 5.263 ;
; ir_out[26]   ; inm[6]      ; 5.274 ;       ;       ; 5.274 ;
; ir_out[26]   ; inm[26]     ; 5.395 ;       ;       ; 5.395 ;
; ir_out[27]   ; inm[7]      ; 4.951 ;       ;       ; 4.951 ;
; ir_out[27]   ; inm[27]     ; 5.304 ;       ;       ; 5.304 ;
; ir_out[28]   ; inm[8]      ; 5.138 ;       ;       ; 5.138 ;
; ir_out[28]   ; inm[28]     ; 5.453 ;       ;       ; 5.453 ;
; ir_out[29]   ; inm[9]      ; 5.080 ;       ;       ; 5.080 ;
; ir_out[29]   ; inm[29]     ; 5.356 ;       ;       ; 5.356 ;
; ir_out[30]   ; inm[10]     ; 5.231 ;       ;       ; 5.231 ;
; ir_out[30]   ; inm[30]     ; 5.367 ;       ;       ; 5.367 ;
; ir_out[31]   ; inm[11]     ; 5.521 ;       ;       ; 5.521 ;
; ir_out[31]   ; inm[12]     ; 6.498 ;       ;       ; 6.498 ;
; ir_out[31]   ; inm[13]     ; 6.516 ;       ;       ; 6.516 ;
; ir_out[31]   ; inm[14]     ; 6.498 ;       ;       ; 6.498 ;
; ir_out[31]   ; inm[15]     ; 6.622 ;       ;       ; 6.622 ;
; ir_out[31]   ; inm[16]     ; 6.646 ;       ;       ; 6.646 ;
; ir_out[31]   ; inm[17]     ; 6.653 ;       ;       ; 6.653 ;
; ir_out[31]   ; inm[18]     ; 6.613 ;       ;       ; 6.613 ;
; ir_out[31]   ; inm[19]     ; 6.746 ;       ;       ; 6.746 ;
; ir_out[31]   ; inm[20]     ; 5.604 ;       ;       ; 5.604 ;
; ir_out[31]   ; inm[21]     ; 5.491 ;       ;       ; 5.491 ;
; ir_out[31]   ; inm[22]     ; 5.457 ;       ;       ; 5.457 ;
; ir_out[31]   ; inm[23]     ; 5.341 ;       ;       ; 5.341 ;
; ir_out[31]   ; inm[24]     ; 5.453 ;       ;       ; 5.453 ;
; ir_out[31]   ; inm[25]     ; 5.583 ;       ;       ; 5.583 ;
; ir_out[31]   ; inm[26]     ; 5.480 ;       ;       ; 5.480 ;
; ir_out[31]   ; inm[27]     ; 5.319 ;       ;       ; 5.319 ;
; ir_out[31]   ; inm[28]     ; 5.610 ;       ;       ; 5.610 ;
; ir_out[31]   ; inm[29]     ; 5.573 ;       ;       ; 5.573 ;
; ir_out[31]   ; inm[30]     ; 5.478 ;       ;       ; 5.478 ;
; ir_out[31]   ; inm[31]     ; 5.360 ;       ;       ; 5.360 ;
; tipo_inst[0] ; inm[0]      ; 5.494 ; 5.494 ; 5.494 ; 5.494 ;
; tipo_inst[0] ; inm[1]      ; 5.736 ; 5.750 ; 5.750 ; 5.736 ;
; tipo_inst[0] ; inm[2]      ; 6.038 ; 6.052 ; 6.052 ; 6.038 ;
; tipo_inst[0] ; inm[3]      ; 5.602 ; 5.724 ; 5.724 ; 5.602 ;
; tipo_inst[0] ; inm[4]      ; 5.880 ; 5.891 ; 5.891 ; 5.880 ;
; tipo_inst[0] ; inm[5]      ;       ; 5.204 ; 5.204 ;       ;
; tipo_inst[0] ; inm[6]      ;       ; 5.524 ; 5.524 ;       ;
; tipo_inst[0] ; inm[7]      ;       ; 5.205 ; 5.205 ;       ;
; tipo_inst[0] ; inm[8]      ;       ; 5.337 ; 5.337 ;       ;
; tipo_inst[0] ; inm[9]      ;       ; 5.211 ; 5.211 ;       ;
; tipo_inst[0] ; inm[10]     ;       ; 5.494 ; 5.494 ;       ;
; tipo_inst[0] ; inm[11]     ;       ; 5.678 ; 5.678 ;       ;
; tipo_inst[0] ; inm[12]     ; 6.424 ; 6.424 ; 6.424 ; 6.424 ;
; tipo_inst[0] ; inm[13]     ; 6.442 ; 6.442 ; 6.442 ; 6.442 ;
; tipo_inst[0] ; inm[14]     ; 6.424 ; 6.424 ; 6.424 ; 6.424 ;
; tipo_inst[0] ; inm[15]     ; 6.548 ; 6.548 ; 6.548 ; 6.548 ;
; tipo_inst[0] ; inm[16]     ; 6.572 ; 6.572 ; 6.572 ; 6.572 ;
; tipo_inst[0] ; inm[17]     ; 6.579 ; 6.579 ; 6.579 ; 6.579 ;
; tipo_inst[0] ; inm[18]     ; 6.539 ; 6.539 ; 6.539 ; 6.539 ;
; tipo_inst[0] ; inm[19]     ; 6.672 ; 6.672 ; 6.672 ; 6.672 ;
; tipo_inst[0] ; inm[20]     ; 6.059 ; 5.672 ; 5.672 ; 6.059 ;
; tipo_inst[0] ; inm[21]     ; 6.071 ; 5.675 ; 5.675 ; 6.071 ;
; tipo_inst[0] ; inm[22]     ; 5.911 ; 5.525 ; 5.525 ; 5.911 ;
; tipo_inst[0] ; inm[23]     ; 5.916 ; 5.529 ; 5.529 ; 5.916 ;
; tipo_inst[0] ; inm[24]     ; 5.914 ; 5.518 ; 5.518 ; 5.914 ;
; tipo_inst[0] ; inm[25]     ; 6.036 ; 5.650 ; 5.650 ; 6.036 ;
; tipo_inst[0] ; inm[26]     ; 6.058 ; 5.667 ; 5.667 ; 6.058 ;
; tipo_inst[0] ; inm[27]     ; 5.894 ; 5.508 ; 5.508 ; 5.894 ;
; tipo_inst[0] ; inm[28]     ; 5.939 ; 5.761 ; 5.761 ; 5.939 ;
; tipo_inst[0] ; inm[29]     ; 6.036 ; 5.637 ; 5.637 ; 6.036 ;
; tipo_inst[0] ; inm[30]     ; 6.054 ; 5.668 ; 5.668 ; 6.054 ;
; tipo_inst[0] ; inm[31]     ;       ; 5.269 ; 5.269 ;       ;
; tipo_inst[1] ; inm[0]      ;       ; 5.864 ; 5.864 ;       ;
; tipo_inst[1] ; inm[1]      ;       ; 5.668 ; 5.668 ;       ;
; tipo_inst[1] ; inm[2]      ;       ; 5.970 ; 5.970 ;       ;
; tipo_inst[1] ; inm[3]      ;       ; 5.602 ; 5.602 ;       ;
; tipo_inst[1] ; inm[4]      ;       ; 5.809 ; 5.809 ;       ;
; tipo_inst[1] ; inm[5]      ;       ; 5.208 ; 5.208 ;       ;
; tipo_inst[1] ; inm[6]      ;       ; 5.442 ; 5.442 ;       ;
; tipo_inst[1] ; inm[7]      ;       ; 5.140 ; 5.140 ;       ;
; tipo_inst[1] ; inm[8]      ;       ; 5.328 ; 5.328 ;       ;
; tipo_inst[1] ; inm[9]      ;       ; 5.129 ; 5.129 ;       ;
; tipo_inst[1] ; inm[10]     ;       ; 5.412 ; 5.412 ;       ;
; tipo_inst[1] ; inm[11]     ; 5.448 ; 5.448 ; 5.448 ; 5.448 ;
; tipo_inst[1] ; inm[12]     ; 6.491 ; 6.491 ; 6.491 ; 6.491 ;
; tipo_inst[1] ; inm[13]     ; 6.509 ; 6.509 ; 6.509 ; 6.509 ;
; tipo_inst[1] ; inm[14]     ; 6.491 ; 6.491 ; 6.491 ; 6.491 ;
; tipo_inst[1] ; inm[15]     ; 6.615 ; 6.615 ; 6.615 ; 6.615 ;
; tipo_inst[1] ; inm[16]     ; 6.639 ; 6.639 ; 6.639 ; 6.639 ;
; tipo_inst[1] ; inm[17]     ; 6.646 ; 6.646 ; 6.646 ; 6.646 ;
; tipo_inst[1] ; inm[18]     ; 6.606 ; 6.606 ; 6.606 ; 6.606 ;
; tipo_inst[1] ; inm[19]     ; 6.739 ; 6.739 ; 6.739 ; 6.739 ;
; tipo_inst[1] ; inm[20]     ; 5.996 ; 5.634 ; 5.634 ; 5.996 ;
; tipo_inst[1] ; inm[21]     ; 6.008 ; 5.637 ; 5.637 ; 6.008 ;
; tipo_inst[1] ; inm[22]     ; 5.848 ; 5.487 ; 5.487 ; 5.848 ;
; tipo_inst[1] ; inm[23]     ; 5.853 ; 5.491 ; 5.491 ; 5.853 ;
; tipo_inst[1] ; inm[24]     ; 5.851 ; 5.480 ; 5.480 ; 5.851 ;
; tipo_inst[1] ; inm[25]     ; 5.973 ; 5.612 ; 5.612 ; 5.973 ;
; tipo_inst[1] ; inm[26]     ; 5.995 ; 5.629 ; 5.629 ; 5.995 ;
; tipo_inst[1] ; inm[27]     ; 5.831 ; 5.470 ; 5.470 ; 5.831 ;
; tipo_inst[1] ; inm[28]     ; 5.876 ; 5.723 ; 5.723 ; 5.876 ;
; tipo_inst[1] ; inm[29]     ; 5.973 ; 5.599 ; 5.599 ; 5.973 ;
; tipo_inst[1] ; inm[30]     ; 5.991 ; 5.630 ; 5.630 ; 5.991 ;
; tipo_inst[1] ; inm[31]     ;       ; 5.356 ; 5.356 ;       ;
; tipo_inst[2] ; inm[0]      ;       ; 5.794 ; 5.794 ;       ;
; tipo_inst[2] ; inm[1]      ;       ; 5.663 ; 5.663 ;       ;
; tipo_inst[2] ; inm[2]      ;       ; 5.965 ; 5.965 ;       ;
; tipo_inst[2] ; inm[3]      ;       ; 5.529 ; 5.529 ;       ;
; tipo_inst[2] ; inm[4]      ;       ; 5.807 ; 5.807 ;       ;
; tipo_inst[2] ; inm[5]      ;       ; 5.138 ; 5.138 ;       ;
; tipo_inst[2] ; inm[6]      ;       ; 5.506 ; 5.506 ;       ;
; tipo_inst[2] ; inm[7]      ;       ; 5.207 ; 5.207 ;       ;
; tipo_inst[2] ; inm[8]      ;       ; 5.257 ; 5.257 ;       ;
; tipo_inst[2] ; inm[9]      ;       ; 5.195 ; 5.195 ;       ;
; tipo_inst[2] ; inm[10]     ;       ; 5.478 ; 5.478 ;       ;
; tipo_inst[2] ; inm[11]     ; 5.514 ; 5.514 ; 5.514 ; 5.514 ;
; tipo_inst[2] ; inm[12]     ; 6.373 ; 6.373 ; 6.373 ; 6.373 ;
; tipo_inst[2] ; inm[13]     ; 6.391 ; 6.391 ; 6.391 ; 6.391 ;
; tipo_inst[2] ; inm[14]     ; 6.373 ; 6.373 ; 6.373 ; 6.373 ;
; tipo_inst[2] ; inm[15]     ; 6.497 ; 6.497 ; 6.497 ; 6.497 ;
; tipo_inst[2] ; inm[16]     ; 6.521 ; 6.521 ; 6.521 ; 6.521 ;
; tipo_inst[2] ; inm[17]     ; 6.528 ; 6.528 ; 6.528 ; 6.528 ;
; tipo_inst[2] ; inm[18]     ; 6.488 ; 6.488 ; 6.488 ; 6.488 ;
; tipo_inst[2] ; inm[19]     ; 6.621 ; 6.621 ; 6.621 ; 6.621 ;
; tipo_inst[2] ; inm[20]     ;       ; 5.609 ; 5.609 ;       ;
; tipo_inst[2] ; inm[21]     ;       ; 5.612 ; 5.612 ;       ;
; tipo_inst[2] ; inm[22]     ;       ; 5.462 ; 5.462 ;       ;
; tipo_inst[2] ; inm[23]     ;       ; 5.466 ; 5.466 ;       ;
; tipo_inst[2] ; inm[24]     ;       ; 5.455 ; 5.455 ;       ;
; tipo_inst[2] ; inm[25]     ;       ; 5.587 ; 5.587 ;       ;
; tipo_inst[2] ; inm[26]     ;       ; 5.604 ; 5.604 ;       ;
; tipo_inst[2] ; inm[27]     ;       ; 5.445 ; 5.445 ;       ;
; tipo_inst[2] ; inm[28]     ;       ; 5.698 ; 5.698 ;       ;
; tipo_inst[2] ; inm[29]     ;       ; 5.574 ; 5.574 ;       ;
; tipo_inst[2] ; inm[30]     ;       ; 5.605 ; 5.605 ;       ;
; tipo_inst[2] ; inm[31]     ;       ; 5.226 ; 5.226 ;       ;
+--------------+-------------+-------+-------+-------+-------+


-------------------
; Clock Transfers ;
-------------------
Nothing to report.


---------------
; Report TCCS ;
---------------
No dedicated SERDES Transmitter circuitry present in device or used in design


---------------
; Report RSKM ;
---------------
No dedicated SERDES Receiver circuitry present in device or used in design


+------------------------------------------------+
; Unconstrained Paths                            ;
+---------------------------------+-------+------+
; Property                        ; Setup ; Hold ;
+---------------------------------+-------+------+
; Illegal Clocks                  ; 0     ; 0    ;
; Unconstrained Clocks            ; 0     ; 0    ;
; Unconstrained Input Ports       ; 28    ; 28   ;
; Unconstrained Input Port Paths  ; 154   ; 154  ;
; Unconstrained Output Ports      ; 32    ; 32   ;
; Unconstrained Output Port Paths ; 154   ; 154  ;
+---------------------------------+-------+------+


+------------------------------------+
; TimeQuest Timing Analyzer Messages ;
+------------------------------------+
Info: *******************************************************************
Info: Running Quartus II 64-Bit TimeQuest Timing Analyzer
    Info: Version 13.0.1 Build 232 06/12/2013 Service Pack 1 SJ Web Edition
    Info: Processing started: Tue Apr 20 21:45:10 2021
Info: Command: quartus_sta Practica5 -c Practica5
Info: qsta_default_script.tcl version: #1
Warning (20028): Parallel compilation is not licensed and has been disabled
Info (21077): Low junction temperature is 0 degrees C
Info (21077): High junction temperature is 85 degrees C
Critical Warning (332012): Synopsys Design Constraints File file not found: 'Practica5.sdc'. A Synopsys Design Constraints File is required by the TimeQuest Timing Analyzer to get proper timing constraints. Without it, the Compiler will not properly optimize the design.
Info (332142): No user constrained base clocks found in the design. Calling "derive_clocks -period 1.0"
Info (332096): The command derive_clocks did not find any clocks to derive.  No clocks were created or changed.
Warning (332068): No clocks defined in design.
Info: Found TIMEQUEST_REPORT_SCRIPT_INCLUDE_DEFAULT_ANALYSIS = ON
Info (332159): No clocks to report
Info: Analyzing Slow Model
Info (332140): No fmax paths to report
Info (332140): No Setup paths to report
Info (332140): No Hold paths to report
Info (332140): No Recovery paths to report
Info (332140): No Removal paths to report
Info (332140): No Minimum Pulse Width paths to report
Info (332001): The selected device family is not supported by the report_metastability command.
Info: Analyzing Fast Model
Info (332142): No user constrained base clocks found in the design. Calling "derive_clocks -period 1.0"
Info (332096): The command derive_clocks did not find any clocks to derive.  No clocks were created or changed.
Warning (332068): No clocks defined in design.
Info (332140): No Setup paths to report
Info (332140): No Hold paths to report
Info (332140): No Recovery paths to report
Info (332140): No Removal paths to report
Info (332140): No Minimum Pulse Width paths to report
Info (332001): The selected device family is not supported by the report_metastability command.
Info (332102): Design is not fully constrained for setup requirements
Info (332102): Design is not fully constrained for hold requirements
Info: Quartus II 64-Bit TimeQuest Timing Analyzer was successful. 0 errors, 4 warnings
    Info: Peak virtual memory: 4536 megabytes
    Info: Processing ended: Tue Apr 20 21:45:10 2021
    Info: Elapsed time: 00:00:00
    Info: Total CPU time (on all processors): 00:00:01


